Component: ARM Compiler 5.06 update 7 (build 960) Tool: armlink [4d3601]

==============================================================================

Section Cross References

    main.o(.text) refers to delay.o(.text) for delay_init
    main.o(.text) refers to led.o(.text) for LED_Init
    main.o(.text) refers to dht11.o(.text) for DHT11_Init
    main.o(.text) refers to bh1750.o(.text) for BH1750_Init
    main.o(.text) refers to usart.o(.text) for Usart1_Init
    main.o(.text) refers to oled.o(.text) for OLED_Init
    main.o(.text) refers to timer.o(.text) for TIM2_Int_Init
    main.o(.text) refers to f2d.o(x$fpl$f2d) for __aeabi_f2d
    main.o(.text) refers to main.o(.data) for temperatureL
    system_stm32f10x.o(.text) refers to system_stm32f10x.o(.data) for SystemCoreClock
    led.o(.text) refers to stm32f10x_rcc.o(.text) for RCC_APB2PeriphClockCmd
    led.o(.text) refers to stm32f10x_gpio.o(.text) for GPIO_Init
    beep.o(.text) refers to stm32f10x_rcc.o(.text) for RCC_APB2PeriphClockCmd
    beep.o(.text) refers to stm32f10x_gpio.o(.text) for GPIO_Init
    bh1750.o(.text) refers to stm32f10x_rcc.o(.text) for RCC_APB2PeriphClockCmd
    bh1750.o(.text) refers to stm32f10x_gpio.o(.text) for GPIO_Init
    bh1750.o(.text) refers to fflt_clz.o(x$fpl$ffltu) for __aeabi_ui2f
    bh1750.o(.text) refers to fdiv.o(x$fpl$fdiv) for __aeabi_fdiv
    bh1750.o(.text) refers to fmul.o(x$fpl$fmul) for __aeabi_fmul
    dht11.o(.text) refers to delay.o(.text) for delay_ms
    dht11.o(.text) refers to stm32f10x_rcc.o(.text) for RCC_APB2PeriphClockCmd
    dht11.o(.text) refers to stm32f10x_gpio.o(.text) for GPIO_Init
    key.o(.text) refers to stm32f10x_rcc.o(.text) for RCC_APB2PeriphClockCmd
    key.o(.text) refers to stm32f10x_gpio.o(.text) for GPIO_Init
    key.o(.text) refers to delay.o(.text) for delay_ms
    key.o(.text) refers to key.o(.data) for key_up
    oled.o(.text) refers to stm32f10x_gpio.o(.text) for GPIO_SetBits
    oled.o(.text) refers to oled.o(.bss) for OLED_GRAM
    oled.o(.text) refers to stm32f10x_rcc.o(.text) for RCC_APB2PeriphClockCmd
    oled.o(.text) refers to oled.o(.constdata) for asc2_1206
    delay.o(.text) refers to misc.o(.text) for SysTick_CLKSourceConfig
    delay.o(.text) refers to system_stm32f10x.o(.data) for SystemCoreClock
    delay.o(.text) refers to delay.o(.data) for fac_us
    usart.o(.text) refers to stm32f10x_rcc.o(.text) for RCC_APB2PeriphClockCmd
    usart.o(.text) refers to stm32f10x_gpio.o(.text) for GPIO_Init
    usart.o(.text) refers to stm32f10x_usart.o(.text) for USART_Init
    usart.o(.text) refers to misc.o(.text) for NVIC_Init
    usart.o(.text) refers to c89vsnprintf.o(.text) for __c89vsnprintf
    timer.o(.text) refers to _printf_percent.o(.ARM.Collect$$_printf_percent$$00000000) for _printf_percent
    timer.o(.text) refers to _printf_d.o(.ARM.Collect$$_printf_percent$$00000009) for _printf_d
    timer.o(.text) refers to _printf_dec.o(.text) for _printf_int_dec
    timer.o(.text) refers to _printf_pad.o(.text) for _printf_pre_padding
    timer.o(.text) refers to _printf_f.o(.ARM.Collect$$_printf_percent$$00000003) for _printf_f
    timer.o(.text) refers to printf1.o(x$fpl$printf1) for _printf_fp_dec
    timer.o(.text) refers to stm32f10x_rcc.o(.text) for RCC_APB1PeriphClockCmd
    timer.o(.text) refers to stm32f10x_tim.o(.text) for TIM_TimeBaseInit
    timer.o(.text) refers to misc.o(.text) for NVIC_Init
    timer.o(.text) refers to __2sprintf.o(.text) for __2sprintf
    timer.o(.text) refers to oled.o(.text) for OLED_ShowString
    timer.o(.text) refers to f2d.o(x$fpl$f2d) for __aeabi_f2d
    timer.o(.text) refers to main.o(.data) for temperatureL
    timer.o(.text) refers to timer.o(.bss) for oledBuf
    startup_stm32f10x_hd.o(STACK) refers (Special) to heapauxi.o(.text) for __use_two_region_memory
    startup_stm32f10x_hd.o(HEAP) refers (Special) to heapauxi.o(.text) for __use_two_region_memory
    startup_stm32f10x_hd.o(RESET) refers (Special) to heapauxi.o(.text) for __use_two_region_memory
    startup_stm32f10x_hd.o(RESET) refers to startup_stm32f10x_hd.o(STACK) for __initial_sp
    startup_stm32f10x_hd.o(RESET) refers to startup_stm32f10x_hd.o(.text) for Reset_Handler
    startup_stm32f10x_hd.o(RESET) refers to stm32f10x_it.o(.text) for NMI_Handler
    startup_stm32f10x_hd.o(RESET) refers to timer.o(.text) for TIM2_IRQHandler
    startup_stm32f10x_hd.o(RESET) refers to usart.o(.text) for USART1_IRQHandler
    startup_stm32f10x_hd.o(.text) refers (Special) to heapauxi.o(.text) for __use_two_region_memory
    startup_stm32f10x_hd.o(.text) refers to system_stm32f10x.o(.text) for SystemInit
    startup_stm32f10x_hd.o(.text) refers to __main.o(!!!main) for __main
    startup_stm32f10x_hd.o(.text) refers to startup_stm32f10x_hd.o(HEAP) for Heap_Mem
    startup_stm32f10x_hd.o(.text) refers to startup_stm32f10x_hd.o(STACK) for Stack_Mem
    stm32f10x_gpio.o(.text) refers to stm32f10x_rcc.o(.text) for RCC_APB2PeriphResetCmd
[...]
    .ARM.Collect$$libshutdown$$00000011      0x08000256   Section        0  libshutdown2.o(.ARM.Collect$$libshutdown$$00000011)
    .ARM.Collect$$libshutdown$$00000012      0x08000256   Section        2  libshutdown2.o(.ARM.Collect$$libshutdown$$00000012)
    .ARM.Collect$$rtentry$$00000000          0x08000258   Section        0  __rtentry.o(.ARM.Collect$$rtentry$$00000000)
    .ARM.Collect$$rtentry$$00000002          0x08000258   Section        0  __rtentry2.o(.ARM.Collect$$rtentry$$00000002)
    .ARM.Collect$$rtentry$$00000004          0x08000258   Section        6  __rtentry4.o(.ARM.Collect$$rtentry$$00000004)
    .ARM.Collect$$rtentry$$00000009          0x0800025e   Section        0  __rtentry2.o(.ARM.Collect$$rtentry$$00000009)
    .ARM.Collect$$rtentry$$0000000A          0x0800025e   Section        4  __rtentry2.o(.ARM.Collect$$rtentry$$0000000A)
    .ARM.Collect$$rtentry$$0000000C          0x08000262   Section        0  __rtentry2.o(.ARM.Collect$$rtentry$$0000000C)
    .ARM.Collect$$rtentry$$0000000D          0x08000262   Section        8  __rtentry2.o(.ARM.Collect$$rtentry$$0000000D)
    .ARM.Collect$$rtexit$$00000000           0x0800026a   Section        2  rtexit.o(.ARM.Collect$$rtexit$$00000000)
    .ARM.Collect$$rtexit$$00000002           0x0800026c   Section        0  rtexit2.o(.ARM.Collect$$rtexit$$00000002)
    .ARM.Collect$$rtexit$$00000003           0x0800026c   Section        4  rtexit2.o(.ARM.Collect$$rtexit$$00000003)
    .ARM.Collect$$rtexit$$00000004           0x08000270   Section        6  rtexit2.o(.ARM.Collect$$rtexit$$00000004)
    .text                                    0x08000278   Section        0  main.o(.text)
    .text                                    0x08000358   Section        0  stm32f10x_it.o(.text)
    .text                                    0x08000374   Section        0  system_stm32f10x.o(.text)
    SetSysClockTo72                          0x08000375   Thumb Code   214  system_stm32f10x.o(.text)
    SetSysClock                              0x0800044b   Thumb Code     8  system_stm32f10x.o(.text)
    .text                                    0x08000554   Section        0  led.o(.text)
    .text                                    0x080005a4   Section        0  bh1750.o(.text)
    i2c_Delay                                0x080005a5   Thumb Code    14  bh1750.o(.text)
    I2C_BH1750_GPIOConfig                    0x0800070f   Thumb Code    44  bh1750.o(.text)
    .text                                    0x0800081c   Section        0  dht11.o(.text)
    .text                                    0x080009d4   Section        0  oled.o(.text)
    .text                                    0x080010e8   Section        0  delay.o(.text)
    .text                                    0x080011bc   Section        0  usart.o(.text)
    .text                                    0x080013a4   Section        0  timer.o(.text)
    .text                                    0x080014e0   Section       64  startup_stm32f10x_hd.o(.text)
    .text                                    0x08001520   Section        0  stm32f10x_gpio.o(.text)
    .text                                    0x0800187c   Section        0  stm32f10x_rcc.o(.text)
    .text                                    0x08001c20   Section        0  stm32f10x_usart.o(.text)
    .text                                    0x08002028   Section        0  misc.o(.text)
    .text                                    0x08002104   Section        0  stm32f10x_tim.o(.text)
    TI4_Config                               0x080025ab   Thumb Code   130  stm32f10x_tim.o(.text)
    TI3_Config                               0x0800263f   Thumb Code   122  stm32f10x_tim.o(.text)
    TI2_Config                               0x080026d3   Thumb Code   130  stm32f10x_tim.o(.text)
    TI1_Config                               0x08002767   Thumb Code   108  stm32f10x_tim.o(.text)
    .text                                    0x08002f20   Section        0  c89vsnprintf.o(.text)
    .text                                    0x08002f54   Section        0  __2sprintf.o(.text)
    .text                                    0x08002f80   Section        0  _printf_pad.o(.text)
    .text                                    0x08002fd0   Section        0  _printf_dec.o(.text)
    .text                                    0x08003048   Section        0  __printf_flags_ss_wp.o(.text)
    .text                                    0x080031d0   Section        0  heapauxi.o(.text)
    .text                                    0x080031d6   Section        0  _printf_truncate.o(.text)
    .text                                    0x080031fa   Section        0  _printf_str.o(.text)
    .text                                    0x0800324c   Section        0  _printf_intcommon.o(.text)
    .text                                    0x080032fe   Section        0  _printf_charcount.o(.text)
    .text                                    0x08003326   Section        0  _printf_fp_dec.o(.text)
    _fp_digits                               0x08003329   Thumb Code   432  _printf_fp_dec.o(.text)
    .text                                    0x08003744   Section        0  _printf_char_common.o(.text)
    _printf_input_char                       0x08003745   Thumb Code    10  _printf_char_common.o(.text)
    .text                                    0x08003774   Section        0  _sputc.o(.text)
    .text                                    0x0800377e   Section        0  _snputc.o(.text)
    .text                                    0x08003790   Section        0  _printf_wctomb.o(.text)
    .text                                    0x0800384c   Section        0  _printf_longlong_dec.o(.text)
    .text                                    0x080038c8   Section        0  _printf_oct_int_ll.o(.text)
    _printf_longlong_oct_internal            0x080038c9   Thumb Code     0  _printf_oct_int_ll.o(.text)
    .text                                    0x08003938   Section        0  _printf_hex_int_ll_ptr.o(.text)
    _printf_hex_common                       0x08003939   Thumb Code     0  _printf_hex_int_ll_ptr.o(.text)
    .text                                    0x080039cc   Section        8  rt_locale_intlibspace.o(.text)
    .text                                    0x080039d4   Section      138  lludiv10.o(.text)
    .text                                    0x08003a60   Section        0  _printf_fp_infnan.o(.text)
    .text                                    0x08003ae0   Section        0  _printf_char.o(.text)
    .text                                    0x08003b0c   Section        0  _printf_wchar.o(.text)
    .text                                    0x08003b38   Section        0  bigflt0.o(.text)
    .text                                    0x08003c1c   Section        0  _wcrtomb.o(.text)
    .text                                    0x08003c5c   Section        8  libspace.o(.text)
    .text                                    0x08003c64   Section       74  sys_stackheap_outer.o(.text)
    .text                                    0x08003cb0   Section       16  rt_ctype_table.o(.text)
    .text                                    0x08003cc0   Section        0  exit.o(.text)
    .text                                    0x08003cd4   Section      128  strcmpv7m.o(.text)
    .text                                    0x08003d54   Section        0  sys_exit.o(.text)
    .text                                    0x08003d60   Section        2  use_no_semi.o(.text)
    .text                                    0x08003d62   Section        0  indicate_semi.o(.text)
    CL$$btod_d2e                             0x08003d62   Section       62  btod.o(CL$$btod_d2e)
    CL$$btod_d2e_denorm_low                  0x08003da0   Section       70  btod.o(CL$$btod_d2e_denorm_low)
    CL$$btod_d2e_norm_op1                    0x08003de6   Section       96  btod.o(CL$$btod_d2e_norm_op1)
    CL$$btod_div_common                      0x08003e46   Section      824  btod.o(CL$$btod_div_common)
    CL$$btod_e2e                             0x0800417e   Section      220  btod.o(CL$$btod_e2e)
    CL$$btod_ediv                            0x0800425a   Section       42  btod.o(CL$$btod_ediv)
    CL$$btod_emul                            0x08004284   Section       42  btod.o(CL$$btod_emul)
    CL$$btod_mult_common                     0x080042ae   Section      580  btod.o(CL$$btod_mult_common)
    i.__ARM_fpclassify                       0x080044f2   Section        0  fpclassify.o(i.__ARM_fpclassify)
    i._is_digit                              0x0800451a   Section        0  __printf_wp.o(i._is_digit)
    locale$$code                             0x08004528   Section       44  lc_numeric_c.o(locale$$code)
    locale$$code                             0x08004554   Section       44  lc_ctype_c.o(locale$$code)
    x$fpl$dretinf                            0x08004580   Section       12  dretinf.o(x$fpl$dretinf)
    x$fpl$f2d                                0x0800458c   Section       86  f2d.o(x$fpl$f2d)
    x$fpl$fdiv                               0x080045e4   Section      388  fdiv.o(x$fpl$fdiv)
    _fdiv1                                   0x080045e5   Thumb Code     0  fdiv.o(x$fpl$fdiv)
    x$fpl$ffltu                              0x08004768   Section       38  fflt_clz.o(x$fpl$ffltu)
    x$fpl$fmul                               0x08004790   Section      258  fmul.o(x$fpl$fmul)
    x$fpl$fnaninf                            0x08004892   Section      140  fnaninf.o(x$fpl$fnaninf)
    x$fpl$fretinf                            0x0800491e   Section       10  fretinf.o(x$fpl$fretinf)
    x$fpl$printf1                            0x08004928   Section        4  printf1.o(x$fpl$printf1)
    .constdata                               0x0800492c   Section     6080  oled.o(.constdata)
    x$fpl$usenofp                            0x0800492c   Section        0  usenofp.o(x$fpl$usenofp)
    .constdata                               0x080060ec   Section       17  __printf_flags_ss_wp.o(.constdata)
    maptable                                 0x080060ec   Data          17  __printf_flags_ss_wp.o(.constdata)
    .constdata                               0x08006100   Section        8  _printf_wctomb.o(.constdata)
    initial_mbstate                          0x08006100   Data           8  _printf_wctomb.o(.constdata)
    .constdata                               0x08006108   Section       40  _printf_hex_int_ll_ptr.o(.constdata)
    uc_hextab                                0x08006108   Data          20  _printf_hex_int_ll_ptr.o(.constdata)
    lc_hextab                                0x0800611c   Data          20  _printf_hex_int_ll_ptr.o(.constdata)
    .constdata                               0x08006130   Section      148  bigflt0.o(.constdata)
    tenpwrs_x                                0x08006130   Data          60  bigflt0.o(.constdata)
    tenpwrs_i                                0x0800616c   Data          64  bigflt0.o(.constdata)
    locale$$data                             0x080061e4   Section       28  lc_numeric_c.o(locale$$data)
    __lcnum_c_name                           0x080061e8   Data           2  lc_numeric_c.o(locale$$data)
    __lcnum_c_start                          0x080061f0   Data           0  lc_numeric_c.o(locale$$data)
    __lcnum_c_point                          0x080061fc   Data           0  lc_numeric_c.o(locale$$data)
    __lcnum_c_thousands                      0x080061fe   Data           0  lc_numeric_c.o(locale$$data)
    __lcnum_c_grouping                       0x080061ff   Data           0  lc_numeric_c.o(locale$$data)
    locale$$data                             0x08006200   Section      272  lc_ctype_c.o(locale$$data)
    __lcnum_c_end                            0x08006200   Data           0  lc_numeric_c.o(locale$$data)
    __lcctype_c_name                         0x08006204   Data           2  lc_ctype_c.o(locale$$data)
    __lcctype_c_start                        0x0800620c   Data           0  lc_ctype_c.o(locale$$data)
    __lcctype_c_end                          0x08006310   Data           0  lc_ctype_c.o(locale$$data)
    .data                                    0x20000000   Section        8  main.o(.data)
    .data                                    0x20000008   Section       20  system_stm32f10x.o(.data)
    .data                                    0x2000001c   Section        4  delay.o(.data)
    fac_us                                   0x2000001c   Data           1  delay.o(.data)
    fac_ms                                   0x2000001e   Data           2  delay.o(.data)
    .data                                    0x20000020   Section       20  stm32f10x_rcc.o(.data)
    APBAHBPrescTable                         0x20000020   Data          16  stm32f10x_rcc.o(.data)
    ADCPrescTable                            0x20000030   Data           4  stm32f10x_rcc.o(.data)
    .bss                                     0x20000034   Section     1152  oled.o(.bss)
    .bss                                     0x200004b4   Section       64  timer.o(.bss)
    .bss                                     0x200004f4   Section       96  libspace.o(.bss)
    HEAP                                     0x20000558   Section      512  startup_stm32f10x_hd.o(HEAP)
    Heap_Mem                                 0x20000558   Data         512  startup_stm32f10x_hd.o(HEAP)
    STACK                                    0x20000758   Section     1024  startup_stm32f10x_hd.o(STACK)
    Stack_Mem                                0x20000758   Data        1024  startup_stm32f10x_hd.o(STACK)
    __initial_sp                             0x20000b58   Data           0  startup_stm32f10x_hd.o(STACK)

    Global Symbols

    Symbol Name                              Value     Ov Type        Size  Object(Section)

    BuildAttributes$$THM_ISAv4$P$D$K$B$S$PE$A:L22UL41UL21$X:L11$S22US41US21$IEEE1$IW$USESV6$~STKCKD$USESV7$~SHL$OTIME$ROPI$IEEEJ$EBA8$UX$STANDARDLIB$REQ8$PRES8$EABIv2 0x00000000   Number         0  anon$$obj.o ABSOLUTE
    __ARM_use_no_argv                        0x00000000   Number         0  main.o ABSOLUTE
    _printf_flags                            0x00000000   Number         0  printf_stubs.o ABSOLUTE
    _printf_return_value                     0x00000000   Number         0  printf_stubs.o ABSOLUTE
    _printf_sizespec                         0x00000000   Number         0  printf_stubs.o ABSOLUTE
    _printf_widthprec                        0x00000000   Number         0  printf_stubs.o ABSOLUTE
    __ARM_exceptions_init                     - Undefined Weak Reference
    __alloca_initialize                       - Undefined Weak Reference
    __arm_fini_                               - Undefined Weak Reference
    __arm_preinit_                            - Undefined Weak Reference
    __cpp_initialize__aeabi_                  - Undefined Weak Reference
    __cxa_finalize                            - Undefined Weak Reference
    __sigvec_lookup                           - Undefined Weak Reference
    _atexit_init                              - Undefined Weak Reference
    _call_atexit_fns                          - Undefined Weak Reference
    _clock_init                               - Undefined Weak Reference
    _fp_trap_init                             - Undefined Weak Reference
    _fp_trap_shutdown                         - Undefined Weak Reference
    _get_lc_collate                           - Undefined Weak Reference
    _get_lc_monetary                          - Undefined Weak Reference
    _get_lc_time                              - Undefined Weak Reference
    _getenv_init                              - Undefined Weak Reference
    _handle_redirection                       - Undefined Weak Reference
    _init_alloc                               - Undefined Weak Reference
    _init_user_alloc                          - Undefined Weak Reference
    _initio                                   - Undefined Weak Reference
    _printf_fp_hex                            - Undefined Weak Reference
    _printf_mbtowc                            - Undefined Weak Reference
    _printf_wc                                - Undefined Weak Reference
    _rand_init                                - Undefined Weak Reference
    _signal_finish                            - Undefined Weak Reference
    _signal_init                              - Undefined Weak Reference
    _terminate_alloc                          - Undefined Weak Reference
    _terminate_user_alloc                     - Undefined Weak Reference
    _terminateio                              - Undefined Weak Reference
    __Vectors_Size                           0x00000130   Number         0  startup_stm32f10x_hd.o ABSOLUTE
    __Vectors                                0x08000000   Data           4  startup_stm32f10x_hd.o(RESET)
    __Vectors_End                            0x08000130   Data           0  startup_stm32f10x_hd.o(RESET)
    __main                                   0x08000131   Thumb Code     8  __main.o(!!!main)
    __scatterload                            0x08000139   Thumb Code     0  __scatter.o(!!!scatter)
    __scatterload_rt2                        0x08000139   Thumb Code    44  __scatter.o(!!!scatter)
    __scatterload_rt2_thumb_only             0x08000139   Thumb Code     0  __scatter.o(!!!scatter)
    __scatterload_null                       0x08000147   Thumb Code     0  __scatter.o(!!!scatter)
    __scatterload_copy                       0x0800016d   Thumb Code    26  __scatter_copy.o(!!handler_copy)
    __scatterload_zeroinit                   0x08000189   Thumb Code    28  __scatter_zi.o(!!handler_zi)
    _printf_n                                0x080001a5   Thumb Code     0  _printf_n.o(.ARM.Collect$$_printf_percent$$00000001)
    _printf_percent                          0x080001a5   Thumb Code     0  _printf_percent.o(.ARM.Collect$$_printf_percent$$00000000)
    _printf_p                                0x080001ab   Thumb Code     0  _printf_p.o(.ARM.Collect$$_printf_percent$$00000002)
    _printf_f                                0x080001b1   Thumb Code     0  _printf_f.o(.ARM.Collect$$_printf_percent$$00000003)
    _printf_e                                0x080001b7   Thumb Code     0  _printf_e.o(.ARM.Collect$$_printf_percent$$00000004)
    _printf_g                                0x080001bd   Thumb Code     0  _printf_g.o(.ARM.Collect$$_printf_percent$$00000005)
    _printf_a                                0x080001c3   Thumb Code     0  _printf_a.o(.ARM.Collect$$_printf_percent$$00000006)
    _printf_ll                               0x080001c9   Thumb Code     0  _printf_ll.o(.ARM.Collect$$_printf_percent$$00000007)
    _printf_i                                0x080001d3   Thumb Code     0  _printf_i.o(.ARM.Collect$$_printf_percent$$00000008)
    _printf_d                                0x080001d9   Thumb Code     0  _printf_d.o(.ARM.Collect$$_printf_percent$$00000009)
    _printf_u                                0x080001df   Thumb Code     0  _printf_u.o(.ARM.Collect$$_printf_percent$$0000000A)
    _printf_o                                0x080001e5   Thumb Code     0  _printf_o.o(.ARM.Collect$$_printf_percent$$0000000B)
    _printf_x                                0x080001eb   Thumb Code     0  _printf_x.o(.ARM.Collect$$_printf_percent$$0000000C)
    _printf_lli                              0x080001f1   Thumb Code     0  _printf_lli.o(.ARM.Collect$$_printf_percent$$0000000D)
    _printf_lld                              0x080001f7   Thumb Code     0  _printf_lld.o(.ARM.Collect$$_printf_percent$$0000000E)
    _printf_llu                              0x080001fd   Thumb Code     0  _printf_llu.o(.ARM.Collect$$_printf_percent$$0000000F)
    _printf_llo                              0x08000203   Thumb Code     0  _printf_llo.o(.ARM.Collect$$_printf_percent$$00000010)
    _printf_llx                              0x08000209   Thumb Code     0  _printf_llx.o(.ARM.Collect$$_printf_percent$$00000011)
    _printf_l                                0x0800020f   Thumb Code     0  _printf_l.o(.ARM.Collect$$_printf_percent$$00000012)
    _printf_c                                0x08000219   Thumb Code     0  _printf_c.o(.ARM.Collect$$_printf_percent$$00000013)
    _printf_s                                0x0800021f   Thumb Code     0  _printf_s.o(.ARM.Collect$$_printf_percent$$00000014)
    _printf_lc                               0x08000225   Thumb Code     0  _printf_lc.o(.ARM.Collect$$_printf_percent$$00000015)
    _printf_ls                               0x0800022b   Thumb Code     0  _printf_ls.o(.ARM.Collect$$_printf_percent$$00000016)
    _printf_percent_end                      0x08000231   Thumb Code     0  _printf_percent_end.o(.ARM.Collect$$_printf_percent$$00000017)
    __rt_lib_init                            0x08000235   Thumb Code     0  libinit.o(.ARM.Collect$$libinit$$00000000)
    __rt_lib_init_fp_1                       0x08000237   Thumb Code     0  libinit2.o(.ARM.Collect$$libinit$$00000002)
    __rt_lib_init_heap_1                     0x08000237   Thumb Code     0  libinit2.o(.ARM.Collect$$libinit$$0000000A)
    __rt_lib_init_lc_common                  0x08000237   Thumb Code     0  libinit2.o(.ARM.Collect$$libinit$$0000000F)
    __rt_lib_init_preinit_1                  0x08000237   Thumb Code     0  libinit2.o(.ARM.Collect$$libinit$$00000004)
    __rt_lib_init_rand_1                     0x08000237   Thumb Code     0  libinit2.o(.ARM.Collect$$libinit$$0000000E)
    __rt_lib_init_user_alloc_1               0x08000237   Thumb Code     0  libinit2.o(.ARM.Collect$$libinit$$0000000C)
    __rt_lib_init_lc_collate_1               0x0800023d   Thumb Code     0  libinit2.o(.ARM.Collect$$libinit$$00000011)
    __rt_lib_init_lc_ctype_2                 0x0800023d   Thumb Code     0  libinit2.o(.ARM.Collect$$libinit$$00000012)
    __rt_lib_init_lc_ctype_1                 0x08000249   Thumb Code     0  libinit2.o(.ARM.Collect$$libinit$$00000013)
    __rt_lib_init_lc_monetary_1              0x08000249   Thumb Code     0  libinit2.o(.ARM.Collect$$libinit$$00000015)
    __rt_lib_init_lc_numeric_2               0x08000249   Thumb Code     0  libinit2.o(.ARM.Collect$$libinit$$00000016)
    __rt_lib_init_alloca_1                   0x08000253   Thumb Code     0  libinit2.o(.ARM.Collect$$libinit$$0000002E)
    __rt_lib_init_argv_1                     0x08000253   Thumb Code     0  libinit2.o(.ARM.Collect$$libinit$$0000002C)
    __rt_lib_init_atexit_1                   0x08000253   Thumb Code     0  libinit2.o(.ARM.Collect$$libinit$$0000001B)
    __rt_lib_init_clock_1                    0x08000253   Thumb Code     0  libinit2.o(.ARM.Collect$$libinit$$00000021)
    __rt_lib_init_cpp_1                      0x08000253   Thumb Code     0  libinit2.o(.ARM.Collect$$libinit$$00000032)
    __rt_lib_init_exceptions_1               0x08000253   Thumb Code     0  libinit2.o(.ARM.Collect$$libinit$$00000030)
    __rt_lib_init_fp_trap_1                  0x08000253   Thumb Code     0  libinit2.o(.ARM.Collect$$libinit$$0000001F)
    __rt_lib_init_getenv_1                   0x08000253   Thumb Code     0  libinit2.o(.ARM.Collect$$libinit$$00000023)
    __rt_lib_init_lc_numeric_1               0x08000253   Thumb Code     0  libinit2.o(.ARM.Collect$$libinit$$00000017)
    __rt_lib_init_lc_time_1                  0x08000253   Thumb Code     0  libinit2.o(.ARM.Collect$$libinit$$00000019)
    __rt_lib_init_return                     0x08000253   Thumb Code     0  libinit2.o(.ARM.Collect$$libinit$$00000033)
    __rt_lib_init_signal_1                   0x08000253   Thumb Code     0  libinit2.o(.ARM.Collect$$libinit$$0000001D)
    __rt_lib_init_stdio_1                    0x08000253   Thumb Code     0  libinit2.o(.ARM.Collect$$libinit$$00000025)
    __rt_lib_shutdown                        0x08000255   Thumb Code     0  libshutdown.o(.ARM.Collect$$libshutdown$$00000000)
    __rt_lib_shutdown_cpp_1                  0x08000257   Thumb Code     0  libshutdown2.o(.ARM.Collect$$libshutdown$$00000004)
    __rt_lib_shutdown_fini_1                 0x08000257   Thumb Code     0  libshutdown2.o(.ARM.Collect$$libshutdown$$00000002)
    __rt_lib_shutdown_fp_trap_1              0x08000257   Thumb Code     0  libshutdown2.o(.ARM.Collect$$libshutdown$$00000009)
    __rt_lib_shutdown_heap_1                 0x08000257   Thumb Code     0  libshutdown2.o(.ARM.Collect$$libshutdown$$00000011)
    __rt_lib_shutdown_return                 0x08000257   Thumb Code     0  libshutdown2.o(.ARM.Collect$$libshutdown$$00000012)
    __rt_lib_shutdown_signal_1               0x08000257   Thumb Code     0  libshutdown2.o(.ARM.Collect$$libshutdown$$0000000C)
    __rt_lib_shutdown_stdio_1                0x08000257   Thumb Code     0  libshutdown2.o(.ARM.Collect$$libshutdown$$00000006)
    __rt_lib_shutdown_user_alloc_1           0x08000257   Thumb Code     0  libshutdown2.o(.ARM.Collect$$libshutdown$$0000000E)
    __rt_entry                               0x08000259   Thumb Code     0  __rtentry.o(.ARM.Collect$$rtentry$$00000000)
    __rt_entry_presh_1                       0x08000259   Thumb Code     0  __rtentry2.o(.ARM.Collect$$rtentry$$00000002)
    __rt_entry_sh                            0x08000259   Thumb Code     0  __rtentry4.o(.ARM.Collect$$rtentry$$00000004)
    __rt_entry_li                            0x0800025f   Thumb Code     0  __rtentry2.o(.ARM.Collect$$rtentry$$0000000A)
    __rt_entry_postsh_1                      0x0800025f   Thumb Code     0  __rtentry2.o(.ARM.Collect$$rtentry$$00000009)
    __rt_entry_main                          0x08000263   Thumb Code     0  __rtentry2.o(.ARM.Collect$$rtentry$$0000000D)
    __rt_entry_postli_1                      0x08000263   Thumb Code     0  __rtentry2.o(.ARM.Collect$$rtentry$$0000000C)
    __rt_exit                                0x0800026b   Thumb Code     0  rtexit.o(.ARM.Collect$$rtexit$$00000000)
    __rt_exit_ls                             0x0800026d   Thumb Code     0  rtexit2.o(.ARM.Collect$$rtexit$$00000003)
    __rt_exit_prels_1                        0x0800026d   Thumb Code     0  rtexit2.o(.ARM.Collect$$rtexit$$00000002)
    __rt_exit_exit                           0x08000271   Thumb Code     0  rtexit2.o(.ARM.Collect$$rtexit$$00000004)
    main                                     0x08000279   Thumb Code   148  main.o(.text)
    NMI_Handler                              0x08000359   Thumb Code     2  stm32f10x_it.o(.text)
    HardFault_Handler                        0x0800035b   Thumb Code     4  stm32f10x_it.o(.text)
    MemManage_Handler                        0x0800035f   Thumb Code     4  stm32f10x_it.o(.text)
    BusFault_Handler                         0x08000363   Thumb Code     4  stm32f10x_it.o(.text)
    UsageFault_Handler                       0x08000367   Thumb Code     4  stm32f10x_it.o(.text)
    SVC_Handler                              0x0800036b   Thumb Code     2  stm32f10x_it.o(.text)
    DebugMon_Handler                         0x0800036d   Thumb Code     2  stm32f10x_it.o(.text)
    PendSV_Handler                           0x0800036f   Thumb Code     2  stm32f10x_it.o(.text)
    SysTick_Handler                          0x08000371   Thumb Code     2  stm32f10x_it.o(.text)
    SystemInit                               0x08000453   Thumb Code    78  system_stm32f10x.o(.text)
    SystemCoreClockUpdate                    0x080004a1   Thumb Code   142  system_stm32f10x.o(.text)
    LED_Init                                 0x08000555   Thumb Code    70  led.o(.text)
    i2c_Start                                0x080005b3   Thumb Code    42  bh1750.o(.text)
    i2c_Stop                                 0x080005dd   Thumb Code    28  bh1750.o(.text)
    i2c_SendByte                             0x080005f9   Thumb Code    80  bh1750.o(.text)
    i2c_ReadByte                             0x08000649   Thumb Code    62  bh1750.o(.text)
    i2c_WaitAck                              0x08000687   Thumb Code    56  bh1750.o(.text)
    i2c_Ack                                  0x080006bf   Thumb Code    44  bh1750.o(.text)
    i2c_NAck                                 0x080006eb   Thumb Code    36  bh1750.o(.text)
    i2c_CheckDevice                          0x0800073b   Thumb Code    28  bh1750.o(.text)
    BH1750_Byte_Write                        0x08000757   Thumb Code    50  bh1750.o(.text)
    BH1750_Read_Measure                      0x08000789   Thumb Code    58  bh1750.o(.text)
    BH1750_Power_ON                          0x080007c3   Thumb Code    10  bh1750.o(.text)
    BH1750_Power_OFF                         0x080007cd   Thumb Code    10  bh1750.o(.text)
    BH1750_RESET                             0x080007d7   Thumb Code    10  bh1750.o(.text)
    BH1750_Init                              0x080007e1   Thumb Code    18  bh1750.o(.text)
    LIght_Intensity                          0x080007f3   Thumb Code    32  bh1750.o(.text)
    DHT11_Rst                                0x0800081d   Thumb Code    52  dht11.o(.text)
    DHT11_Check                              0x08000851   Thumb Code    96  dht11.o(.text)
    DHT11_Read_Bit                           0x080008b1   Thumb Code    76  dht11.o(.text)
    DHT11_Read_Byte                          0x080008fd   Thumb Code    30  dht11.o(.text)
    DHT11_Read_Data                          0x0800091b   Thumb Code   110  dht11.o(.text)
    DHT11_Init                               0x08000989   Thumb Code    62  dht11.o(.text)
    I2C_Stop                                 0x080009d5   Thumb Code    28  oled.o(.text)
    I2C_WaitAck                              0x080009f1   Thumb Code    20  oled.o(.text)
    Send_Byte                                0x08000a05   Thumb Code    70  oled.o(.text)
    I2C_Start                                0x08000a4b   Thumb Code    36  oled.o(.text)
    OLED_WR_Byte                             0x08000a6f   Thumb Code    56  oled.o(.text)
    OLED_ColorTurn                           0x08000aa7   Thumb Code    28  oled.o(.text)
    OLED_DisplayTurn                         0x08000ac3   Thumb Code    44  oled.o(.text)
    OLED_DisPlay_On                          0x08000aef   Thumb Code    28  oled.o(.text)
    OLED_DisPlay_Off                         0x08000b0b   Thumb Code    28  oled.o(.text)
    OLED_Refresh                             0x08000b27   Thumb Code    70  oled.o(.text)
    OLED_Clear                               0x08000b6d   Thumb Code    42  oled.o(.text)
    OLED_DrawPoint                           0x08000b97   Thumb Code    54  oled.o(.text)
    OLED_ClearPoint                          0x08000bcd   Thumb Code    90  oled.o(.text)
    OLED_DrawLine                            0x08000c27   Thumb Code   176  oled.o(.text)
    OLED_DrawCircle                          0x08000cd7   Thumb Code   152  oled.o(.text)
    OLED_ShowChar                            0x08000d6f   Thumb Code   250  oled.o(.text)
    OLED_ShowString                          0x08000e69   Thumb Code    66  oled.o(.text)
    OLED_Pow                                 0x08000eab   Thumb Code    22  oled.o(.text)
    OLED_ShowNum                             0x08000ec1   Thumb Code   116  oled.o(.text)
    OLED_WR_BP                               0x08000f35   Thumb Code    46  oled.o(.text)
    OLED_ShowPicture                         0x08000f63   Thumb Code    98  oled.o(.text)
    OLED_Init                                0x08000fc5   Thumb Code   274  oled.o(.text)
    delay_init                               0x080010e9   Thumb Code    50  delay.o(.text)
    delay_us                                 0x0800111b   Thumb Code    72  delay.o(.text)
    delay_ms                                 0x08001163   Thumb Code    72  delay.o(.text)
    Usart1_Init                              0x080011bd   Thumb Code   166  usart.o(.text)
    Usart2_Init                              0x08001263   Thumb Code   162  usart.o(.text)
    Usart_SendString                         0x08001305   Thumb Code    50  usart.o(.text)
    UsartPrintf                              0x08001337   Thumb Code    72  usart.o(.text)
    USART1_IRQHandler                        0x0800137f   Thumb Code    24  usart.o(.text)
    TIM2_Int_Init                            0x080013a5   Thumb Code    92  timer.o(.text)
    TIM2_IRQHandler                          0x08001401   Thumb Code   138  timer.o(.text)
    Reset_Handler                            0x080014e1   Thumb Code     8  startup_stm32f10x_hd.o(.text)
    ADC1_2_IRQHandler                        0x080014fb   Thumb Code     0  startup_stm32f10x_hd.o(.text)
    ADC3_IRQHandler                          0x080014fb   Thumb Code     0  startup_stm32f10x_hd.o(.text)
    CAN1_RX1_IRQHandler                      0x080014fb   Thumb Code     0  startup_stm32f10x_hd.o(.text)
    CAN1_SCE_IRQHandler                      0x080014fb   Thumb Code     0  startup_stm32f10x_hd.o(.text)
    DMA1_Channel1_IRQHandler                 0x080014fb   Thumb Code     0  startup_stm32f10x_hd.o(.text)
    DMA1_Channel2_IRQHandler                 0x080014fb   Thumb Code     0  startup_stm32f10x_hd.o(.text)
    DMA1_Channel3_IRQHandler                 0x080014fb   Thumb Code     0  startup_stm32f10x_hd.o(.text)
    DMA1_Channel4_IRQHandler                 0x080014fb   Thumb Code     0  startup_stm32f10x_hd.o(.text)
    DMA1_Channel5_IRQHandler                 0x080014fb   Thumb Code     0  startup_stm32f10x_hd.o(.text)
    DMA1_Channel6_IRQHandler                 0x080014fb   Thumb Code     0  startup_stm32f10x_hd.o(.text)
    DMA1_Channel7_IRQHandler                 0x080014fb   Thumb Code     0  startup_stm32f10x_hd.o(.text)
    DMA2_Channel1_IRQHandler                 0x080014fb   Thumb Code     0  startup_stm32f10x_hd.o(.text)
    DMA2_Channel2_IRQHandler                 0x080014fb   Thumb Code     0  startup_stm32f10x_hd.o(.text)
    DMA2_Channel3_IRQHandler                 0x080014fb   Thumb Code     0  startup_stm32f10x_hd.o(.text)
    DMA2_Channel4_5_IRQHandler               0x080014fb   Thumb Code     0  startup_stm32f10x_hd.o(.text)
    EXTI0_IRQHandler                         0x080014fb   Thumb Code     0  startup_stm32f10x_hd.o(.text)
    EXTI15_10_IRQHandler                     0x080014fb   Thumb Code     0  startup_stm32f10x_hd.o(.text)
    EXTI1_IRQHandler                         0x080014fb   Thumb Code     0  startup_stm32f10x_hd.o(.text)
    EXTI2_IRQHandler                         0x080014fb   Thumb Code     0  startup_stm32f10x_hd.o(.text)
    EXTI3_IRQHandler                         0x080014fb   Thumb Code     0  startup_stm32f10x_hd.o(.text)
    EXTI4_IRQHandler                         0x080014fb   Thumb Code     0  startup_stm32f10x_hd.o(.text)
    EXTI9_5_IRQHandler                       0x080014fb   Thumb Code     0  startup_stm32f10x_hd.o(.text)
    FLASH_IRQHandler                         0x080014fb   Thumb Code     0  startup_stm32f10x_hd.o(.text)
    FSMC_IRQHandler                          0x080014fb   Thumb Code     0  startup_stm32f10x_hd.o(.text)
    I2C1_ER_IRQHandler                       0x080014fb   Thumb Code     0  startup_stm32f10x_hd.o(.text)
    I2C1_EV_IRQHandler                       0x080014fb   Thumb Code     0  startup_stm32f10x_hd.o(.text)
    I2C2_ER_IRQHandler                       0x080014fb   Thumb Code     0  startup_stm32f10x_hd.o(.text)
    I2C2_EV_IRQHandler                       0x080014fb   Thumb Code     0  startup_stm32f10x_hd.o(.text)
    PVD_IRQHandler                           0x080014fb   Thumb Code     0  startup_stm32f10x_hd.o(.text)
    RCC_IRQHandler                           0x080014fb   Thumb Code     0  startup_stm32f10x_hd.o(.text)
    RTCAlarm_IRQHandler                      0x080014fb   Thumb Code     0  startup_stm32f10x_hd.o(.text)
    RTC_IRQHandler                           0x080014fb   Thumb Code     0  startup_stm32f10x_hd.o(.text)
    SDIO_IRQHandler                          0x080014fb   Thumb Code     0  startup_stm32f10x_hd.o(.text)
    SPI1_IRQHandler                          0x080014fb   Thumb Code     0  startup_stm32f10x_hd.o(.text)
    SPI2_IRQHandler                          0x080014fb   Thumb Code     0  startup_stm32f10x_hd.o(.text)
    SPI3_IRQHandler                          0x080014fb   Thumb Code     0  startup_stm32f10x_hd.o(.text)
    TAMPER_IRQHandler                        0x080014fb   Thumb Code     0  startup_stm32f10x_hd.o(.text)
    TIM1_BRK_IRQHandler                      0x080014fb   Thumb Code     0  startup_stm32f10x_hd.o(.text)
    TIM1_CC_IRQHandler                       0x080014fb   Thumb Code     0  startup_stm32f10x_hd.o(.text)
    TIM1_TRG_COM_IRQHandler                  0x080014fb   Thumb Code     0  startup_stm32f10x_hd.o(.text)
    TIM1_UP_IRQHandler                       0x080014fb   Thumb Code     0  startup_stm32f10x_hd.o(.text)
    TIM3_IRQHandler                          0x080014fb   Thumb Code     0  startup_stm32f10x_hd.o(.text)
    TIM4_IRQHandler                          0x080014fb   Thumb Code     0  startup_stm32f10x_hd.o(.text)
    TIM5_IRQHandler                          0x080014fb   Thumb Code     0  startup_stm32f10x_hd.o(.text)
    TIM6_IRQHandler                          0x080014fb   Thumb Code     0  startup_stm32f10x_hd.o(.text)
    TIM7_IRQHandler                          0x080014fb   Thumb Code     0  startup_stm32f10x_hd.o(.text)
    TIM8_BRK_IRQHandler                      0x080014fb   Thumb Code     0  startup_stm32f10x_hd.o(.text)
    TIM8_CC_IRQHandler                       0x080014fb   Thumb Code     0  startup_stm32f10x_hd.o(.text)
    TIM8_TRG_COM_IRQHandler                  0x080014fb   Thumb Code     0  startup_stm32f10x_hd.o(.text)
    TIM8_UP_IRQHandler                       0x080014fb   Thumb Code     0  startup_stm32f10x_hd.o(.text)
    UART4_IRQHandler                         0x080014fb   Thumb Code     0  startup_stm32f10x_hd.o(.text)
    UART5_IRQHandler                         0x080014fb   Thumb Code     0  startup_stm32f10x_hd.o(.text)
    USART2_IRQHandler                        0x080014fb   Thumb Code     0  startup_stm32f10x_hd.o(.text)
    USART3_IRQHandler                        0x080014fb   Thumb Code     0  startup_stm32f10x_hd.o(.text)
    USBWakeUp_IRQHandler                     0x080014fb   Thumb Code     0  startup_stm32f10x_hd.o(.text)
    USB_HP_CAN1_TX_IRQHandler                0x080014fb   Thumb Code     0  startup_stm32f10x_hd.o(.text)
    USB_LP_CAN1_RX0_IRQHandler               0x080014fb   Thumb Code     0  startup_stm32f10x_hd.o(.text)
    WWDG_IRQHandler                          0x080014fb   Thumb Code     0  startup_stm32f10x_hd.o(.text)
    __user_initial_stackheap                 0x080014fd   Thumb Code     0  startup_stm32f10x_hd.o(.text)
    GPIO_DeInit                              0x08001521   Thumb Code   172  stm32f10x_gpio.o(.text)
    GPIO_AFIODeInit                          0x080015cd   Thumb Code    20  stm32f10x_gpio.o(.text)
    GPIO_Init                                0x080015e1   Thumb Code   278  stm32f10x_gpio.o(.text)
    GPIO_StructInit                          0x080016f7   Thumb Code    16  stm32f10x_gpio.o(.text)
    GPIO_ReadInputDataBit                    0x08001707   Thumb Code    18  stm32f10x_gpio.o(.text)
    GPIO_ReadInputData                       0x08001719   Thumb Code     8  stm32f10x_gpio.o(.text)
    GPIO_ReadOutputDataBit                   0x08001721   Thumb Code    18  stm32f10x_gpio.o(.text)
    GPIO_ReadOutputData                      0x08001733   Thumb Code     8  stm32f10x_gpio.o(.text)
    GPIO_SetBits                             0x0800173b   Thumb Code     4  stm32f10x_gpio.o(.text)
    GPIO_ResetBits                           0x0800173f   Thumb Code     4  stm32f10x_gpio.o(.text)
    GPIO_WriteBit                            0x08001743   Thumb Code    10  stm32f10x_gpio.o(.text)
    GPIO_Write                               0x0800174d   Thumb Code     4  stm32f10x_gpio.o(.text)
    GPIO_PinLockConfig                       0x08001751   Thumb Code    18  stm32f10x_gpio.o(.text)
    GPIO_EventOutputConfig                   0x08001763   Thumb Code    26  stm32f10x_gpio.o(.text)
    GPIO_EventOutputCmd                      0x0800177d   Thumb Code     6  stm32f10x_gpio.o(.text)
    GPIO_PinRemapConfig                      0x08001783   Thumb Code   138  stm32f10x_gpio.o(.text)
    GPIO_EXTILineConfig                      0x0800180d   Thumb Code    66  stm32f10x_gpio.o(.text)
    GPIO_ETH_MediaInterfaceConfig            0x0800184f   Thumb Code     8  stm32f10x_gpio.o(.text)
    RCC_DeInit                               0x0800187d   Thumb Code    64  stm32f10x_rcc.o(.text)
    RCC_HSEConfig                            0x080018bd   Thumb Code    70  stm32f10x_rcc.o(.text)
    RCC_GetFlagStatus                        0x08001903   Thumb Code    56  stm32f10x_rcc.o(.text)
    RCC_WaitForHSEStartUp                    0x0800193b   Thumb Code    56  stm32f10x_rcc.o(.text)
    RCC_AdjustHSICalibrationValue            0x08001973   Thumb Code    20  stm32f10x_rcc.o(.text)
    RCC_HSICmd                               0x08001987   Thumb Code     6  stm32f10x_rcc.o(.text)
    RCC_PLLConfig                            0x0800198d   Thumb Code    24  stm32f10x_rcc.o(.text)
    RCC_PLLCmd                               0x080019a5   Thumb Code     6  stm32f10x_rcc.o(.text)
    RCC_SYSCLKConfig                         0x080019ab   Thumb Code    18  stm32f10x_rcc.o(.text)
    RCC_GetSYSCLKSource                      0x080019bd   Thumb Code    10  stm32f10x_rcc.o(.text)
    RCC_HCLKConfig                           0x080019c7   Thumb Code    18  stm32f10x_rcc.o(.text)
    RCC_PCLK1Config                          0x080019d9   Thumb Code    18  stm32f10x_rcc.o(.text)
    RCC_PCLK2Config                          0x080019eb   Thumb Code    20  stm32f10x_rcc.o(.text)
    RCC_ITConfig                             0x080019ff   Thumb Code    26  stm32f10x_rcc.o(.text)
    RCC_USBCLKConfig                         0x08001a19   Thumb Code     8  stm32f10x_rcc.o(.text)
    RCC_ADCCLKConfig                         0x08001a21   Thumb Code    18  stm32f10x_rcc.o(.text)
    RCC_LSEConfig                            0x08001a33   Thumb Code    50  stm32f10x_rcc.o(.text)
    RCC_LSICmd                               0x08001a65   Thumb Code     6  stm32f10x_rcc.o(.text)
    RCC_RTCCLKConfig                         0x08001a6b   Thumb Code    12  stm32f10x_rcc.o(.text)
    RCC_RTCCLKCmd                            0x08001a77   Thumb Code     8  stm32f10x_rcc.o(.text)
    RCC_GetClocksFreq                        0x08001a7f   Thumb Code   192  stm32f10x_rcc.o(.text)
    RCC_AHBPeriphClockCmd                    0x08001b3f   Thumb Code    26  stm32f10x_rcc.o(.text)
    RCC_APB2PeriphClockCmd                   0x08001b59   Thumb Code    26  stm32f10x_rcc.o(.text)
    RCC_APB1PeriphClockCmd                   0x08001b73   Thumb Code    26  stm32f10x_rcc.o(.text)
    RCC_APB2PeriphResetCmd                   0x08001b8d   Thumb Code    26  stm32f10x_rcc.o(.text)
    RCC_APB1PeriphResetCmd                   0x08001ba7   Thumb Code    26  stm32f10x_rcc.o(.text)
    RCC_BackupResetCmd                       0x08001bc1   Thumb Code     8  stm32f10x_rcc.o(.text)
    RCC_ClockSecuritySystemCmd               0x08001bc9   Thumb Code     6  stm32f10x_rcc.o(.text)
    RCC_MCOConfig                            0x08001bcf   Thumb Code     6  stm32f10x_rcc.o(.text)
    RCC_ClearFlag                            0x08001bd5   Thumb Code    14  stm32f10x_rcc.o(.text)
    RCC_GetITStatus                          0x08001be3   Thumb Code    20  stm32f10x_rcc.o(.text)
    RCC_ClearITPendingBit                    0x08001bf7   Thumb Code     6  stm32f10x_rcc.o(.text)
    USART_DeInit                             0x08001c21   Thumb Code   134  stm32f10x_usart.o(.text)
    USART_Init                               0x08001ca7   Thumb Code   210  stm32f10x_usart.o(.text)
    USART_StructInit                         0x08001d79   Thumb Code    24  stm32f10x_usart.o(.text)
    USART_ClockInit                          0x08001d91   Thumb Code    34  stm32f10x_usart.o(.text)
    USART_ClockStructInit                    0x08001db3   Thumb Code    12  stm32f10x_usart.o(.text)
    USART_Cmd                                0x08001dbf   Thumb Code    24  stm32f10x_usart.o(.text)
    USART_ITConfig                           0x08001dd7   Thumb Code    74  stm32f10x_usart.o(.text)
    USART_DMACmd                             0x08001e21   Thumb Code    18  stm32f10x_usart.o(.text)
    USART_SetAddress                         0x08001e33   Thumb Code    18  stm32f10x_usart.o(.text)
    USART_WakeUpConfig                       0x08001e45   Thumb Code    18  stm32f10x_usart.o(.text)
    USART_ReceiverWakeUpCmd                  0x08001e57   Thumb Code    24  stm32f10x_usart.o(.text)
    USART_LINBreakDetectLengthConfig         0x08001e6f   Thumb Code    18  stm32f10x_usart.o(.text)
    USART_LINCmd                             0x08001e81   Thumb Code    24  stm32f10x_usart.o(.text)
    USART_SendData                           0x08001e99   Thumb Code     8  stm32f10x_usart.o(.text)
    USART_ReceiveData                        0x08001ea1   Thumb Code    10  stm32f10x_usart.o(.text)
    USART_SendBreak                          0x08001eab   Thumb Code    10  stm32f10x_usart.o(.text)
    USART_SetGuardTime                       0x08001eb5   Thumb Code    16  stm32f10x_usart.o(.text)
    USART_SetPrescaler                       0x08001ec5   Thumb Code    16  stm32f10x_usart.o(.text)
    USART_SmartCardCmd                       0x08001ed5   Thumb Code    24  stm32f10x_usart.o(.text)
    USART_SmartCardNACKCmd                   0x08001eed   Thumb Code    24  stm32f10x_usart.o(.text)
    USART_HalfDuplexCmd                      0x08001f05   Thumb Code    24  stm32f10x_usart.o(.text)
    USART_OverSampling8Cmd                   0x08001f1d   Thumb Code    22  stm32f10x_usart.o(.text)
    USART_OneBitMethodCmd                    0x08001f33   Thumb Code    24  stm32f10x_usart.o(.text)
    USART_IrDAConfig                         0x08001f4b   Thumb Code    18  stm32f10x_usart.o(.text)
    USART_IrDACmd                            0x08001f5d   Thumb Code    24  stm32f10x_usart.o(.text)
    USART_GetFlagStatus                      0x08001f75   Thumb Code    26  stm32f10x_usart.o(.text)
    USART_ClearFlag                          0x08001f8f   Thumb Code    18  stm32f10x_usart.o(.text)
    USART_GetITStatus                        0x08001fa1   Thumb Code    84  stm32f10x_usart.o(.text)
    USART_ClearITPendingBit                  0x08001ff5   Thumb Code    52  stm32f10x_usart.o(.text)
    NVIC_PriorityGroupConfig                 0x08002029   Thumb Code    10  misc.o(.text)
    NVIC_Init                                0x08002033   Thumb Code   100  misc.o(.text)
    NVIC_SetVectorTable                      0x08002097   Thumb Code    14  misc.o(.text)
    NVIC_SystemLPConfig                      0x080020a5   Thumb Code    34  misc.o(.text)
    SysTick_CLKSourceConfig                  0x080020c7   Thumb Code    40  misc.o(.text)
    TIM_DeInit                               0x08002105   Thumb Code   424  stm32f10x_tim.o(.text)
    TIM_TimeBaseInit                         0x080022ad   Thumb Code   122  stm32f10x_tim.o(.text)
    TIM_OC1Init                              0x08002327   Thumb Code   132  stm32f10x_tim.o(.text)
    TIM_OC2Init                              0x080023ab   Thumb Code   154  stm32f10x_tim.o(.text)
    TIM_OC3Init                              0x08002445   Thumb Code   150  stm32f10x_tim.o(.text)
    TIM_OC4Init                              0x080024db   Thumb Code   182  stm32f10x_tim.o(.text)
    TIM_SetIC4Prescaler                      0x08002591   Thumb Code    26  stm32f10x_tim.o(.text)
    TIM_SetIC3Prescaler                      0x0800262d   Thumb Code    18  stm32f10x_tim.o(.text)
    TIM_SetIC2Prescaler                      0x080026b9   Thumb Code    26  stm32f10x_tim.o(.text)
    TIM_SetIC1Prescaler                      0x08002755   Thumb Code    18  stm32f10x_tim.o(.text)
    TIM_ICInit                               0x080027d3   Thumb Code   150  stm32f10x_tim.o(.text)
    TIM_PWMIConfig                           0x08002869   Thumb Code   124  stm32f10x_tim.o(.text)
    TIM_BDTRConfig                           0x080028e5   Thumb Code    32  stm32f10x_tim.o(.text)
    TIM_TimeBaseStructInit                   0x08002905   Thumb Code    18  stm32f10x_tim.o(.text)
    TIM_OCStructInit                         0x08002917   Thumb Code    20  stm32f10x_tim.o(.text)
    TIM_ICStructInit                         0x0800292b   Thumb Code    18  stm32f10x_tim.o(.text)
    TIM_BDTRStructInit                       0x0800293d   Thumb Code    40  stm32f10x_tim.o(.text)
    TIM_Cmd                                  0x08002965   Thumb Code    24  stm32f10x_tim.o(.text)
    TIM_CtrlPWMOutputs                       0x0800297d   Thumb Code    30  stm32f10x_tim.o(.text)
    TIM_ITConfig                             0x0800299b   Thumb Code    18  stm32f10x_tim.o(.text)
    TIM_GenerateEvent                        0x080029ad   Thumb Code     4  stm32f10x_tim.o(.text)
    TIM_DMAConfig                            0x080029b1   Thumb Code    10  stm32f10x_tim.o(.text)
    TIM_DMACmd                               0x080029bb   Thumb Code    18  stm32f10x_tim.o(.text)
    TIM_InternalClockConfig                  0x080029cd   Thumb Code    12  stm32f10x_tim.o(.text)
    TIM_SelectInputTrigger                   0x080029d9   Thumb Code    18  stm32f10x_tim.o(.text)
    TIM_ITRxExternalClockConfig              0x080029eb   Thumb Code    24  stm32f10x_tim.o(.text)
    TIM_TIxExternalClockConfig               0x08002a03   Thumb Code    62  stm32f10x_tim.o(.text)
    TIM_ETRConfig                            0x08002a41   Thumb Code    28  stm32f10x_tim.o(.text)
    TIM_ETRClockMode1Config                  0x08002a5d   Thumb Code    54  stm32f10x_tim.o(.text)
    TIM_ETRClockMode2Config                  0x08002a93   Thumb Code    32  stm32f10x_tim.o(.text)
    TIM_PrescalerConfig                      0x08002ab3   Thumb Code     6  stm32f10x_tim.o(.text)
    TIM_CounterModeConfig                    0x08002ab9   Thumb Code    18  stm32f10x_tim.o(.text)
    TIM_EncoderInterfaceConfig               0x08002acb   Thumb Code    66  stm32f10x_tim.o(.text)
    TIM_ForcedOC1Config                      0x08002b0d   Thumb Code    18  stm32f10x_tim.o(.text)
    TIM_ForcedOC2Config                      0x08002b1f   Thumb Code    26  stm32f10x_tim.o(.text)
    TIM_ForcedOC3Config                      0x08002b39   Thumb Code    18  stm32f10x_tim.o(.text)
    TIM_ForcedOC4Config                      0x08002b4b   Thumb Code    26  stm32f10x_tim.o(.text)
    TIM_ARRPreloadConfig                     0x08002b65   Thumb Code    24  stm32f10x_tim.o(.text)
    TIM_SelectCOM                            0x08002b7d   Thumb Code    24  stm32f10x_tim.o(.text)
    TIM_SelectCCDMA                          0x08002b95   Thumb Code    24  stm32f10x_tim.o(.text)
    TIM_CCPreloadControl                     0x08002bad   Thumb Code    24  stm32f10x_tim.o(.text)
    TIM_OC1PreloadConfig                     0x08002bc5   Thumb Code    18  stm32f10x_tim.o(.text)
    TIM_OC2PreloadConfig                     0x08002bd7   Thumb Code    26  stm32f10x_tim.o(.text)
    TIM_OC3PreloadConfig                     0x08002bf1   Thumb Code    18  stm32f10x_tim.o(.text)
    TIM_OC4PreloadConfig                     0x08002c03   Thumb Code    26  stm32f10x_tim.o(.text)
    TIM_OC1FastConfig                        0x08002c1d   Thumb Code    18  stm32f10x_tim.o(.text)
    TIM_OC2FastConfig                        0x08002c2f   Thumb Code    26  stm32f10x_tim.o(.text)
    TIM_OC3FastConfig                        0x08002c49   Thumb Code    18  stm32f10x_tim.o(.text)
    TIM_OC4FastConfig                        0x08002c5b   Thumb Code    26  stm32f10x_tim.o(.text)
    TIM_ClearOC1Ref                          0x08002c75   Thumb Code    18  stm32f10x_tim.o(.text)
    TIM_ClearOC2Ref                          0x08002c87   Thumb Code    24  stm32f10x_tim.o(.text)
    TIM_ClearOC3Ref                          0x08002c9f   Thumb Code    18  stm32f10x_tim.o(.text)
    TIM_ClearOC4Ref                          0x08002cb1   Thumb Code    24  stm32f10x_tim.o(.text)
    TIM_OC1PolarityConfig                    0x08002cc9   Thumb Code    18  stm32f10x_tim.o(.text)
    TIM_OC1NPolarityConfig                   0x08002cdb   Thumb Code    18  stm32f10x_tim.o(.text)
    TIM_OC2PolarityConfig                    0x08002ced   Thumb Code    26  stm32f10x_tim.o(.text)
    TIM_OC2NPolarityConfig                   0x08002d07   Thumb Code    26  stm32f10x_tim.o(.text)
    TIM_OC3PolarityConfig                    0x08002d21   Thumb Code    26  stm32f10x_tim.o(.text)
    TIM_OC3NPolarityConfig                   0x08002d3b   Thumb Code    26  stm32f10x_tim.o(.text)
    TIM_OC4PolarityConfig                    0x08002d55   Thumb Code    26  stm32f10x_tim.o(.text)
    TIM_CCxCmd                               0x08002d6f   Thumb Code    30  stm32f10x_tim.o(.text)
    TIM_CCxNCmd                              0x08002d8d   Thumb Code    30  stm32f10x_tim.o(.text)
    TIM_SelectOCxM                           0x08002dab   Thumb Code    82  stm32f10x_tim.o(.text)
    TIM_UpdateDisableConfig                  0x08002dfd   Thumb Code    24  stm32f10x_tim.o(.text)
    TIM_UpdateRequestConfig                  0x08002e15   Thumb Code    24  stm32f10x_tim.o(.text)
    TIM_SelectHallSensor                     0x08002e2d   Thumb Code    24  stm32f10x_tim.o(.text)
    TIM_SelectOnePulseMode                   0x08002e45   Thumb Code    18  stm32f10x_tim.o(.text)
    TIM_SelectOutputTrigger                  0x08002e57   Thumb Code    18  stm32f10x_tim.o(.text)
    TIM_SelectSlaveMode                      0x08002e69   Thumb Code    18  stm32f10x_tim.o(.text)
    TIM_SelectMasterSlaveMode                0x08002e7b   Thumb Code    18  stm32f10x_tim.o(.text)
    TIM_SetCounter                           0x08002e8d   Thumb Code     4  stm32f10x_tim.o(.text)
    TIM_SetAutoreload                        0x08002e91   Thumb Code     4  stm32f10x_tim.o(.text)
    TIM_SetCompare1                          0x08002e95   Thumb Code     4  stm32f10x_tim.o(.text)
    TIM_SetCompare2                          0x08002e99   Thumb Code     4  stm32f10x_tim.o(.text)
    TIM_SetCompare3                          0x08002e9d   Thumb Code     4  stm32f10x_tim.o(.text)
    TIM_SetCompare4                          0x08002ea1   Thumb Code     6  stm32f10x_tim.o(.text)
    TIM_SetClockDivision                     0x08002ea7   Thumb Code    18  stm32f10x_tim.o(.text)
    TIM_GetCapture1                          0x08002eb9   Thumb Code     6  stm32f10x_tim.o(.text)
    TIM_GetCapture2                          0x08002ebf   Thumb Code     6  stm32f10x_tim.o(.text)
    TIM_GetCapture3                          0x08002ec5   Thumb Code     6  stm32f10x_tim.o(.text)
    TIM_GetCapture4                          0x08002ecb   Thumb Code     8  stm32f10x_tim.o(.text)
    TIM_GetCounter                           0x08002ed3   Thumb Code     6  stm32f10x_tim.o(.text)
    TIM_GetPrescaler                         0x08002ed9   Thumb Code     6  stm32f10x_tim.o(.text)
    TIM_GetFlagStatus                        0x08002edf   Thumb Code    18  stm32f10x_tim.o(.text)
    TIM_ClearFlag                            0x08002ef1   Thumb Code     6  stm32f10x_tim.o(.text)
    TIM_GetITStatus                          0x08002ef7   Thumb Code    34  stm32f10x_tim.o(.text)
    TIM_ClearITPendingBit                    0x08002f19   Thumb Code     6  stm32f10x_tim.o(.text)
    __c89vsnprintf                           0x08002f21   Thumb Code    48  c89vsnprintf.o(.text)
    __2sprintf                               0x08002f55   Thumb Code    38  __2sprintf.o(.text)
    _printf_pre_padding                      0x08002f81   Thumb Code    44  _printf_pad.o(.text)
    _printf_post_padding                     0x08002fad   Thumb Code    34  _printf_pad.o(.text)
    _printf_int_dec                          0x08002fd1   Thumb Code   104  _printf_dec.o(.text)
    __printf                                 0x08003049   Thumb Code   388  __printf_flags_ss_wp.o(.text)
    __use_two_region_memory                  0x080031d1   Thumb Code     2  heapauxi.o(.text)
    __rt_heap_escrow$2region                 0x080031d3   Thumb Code     2  heapauxi.o(.text)
    __rt_heap_expand$2region                 0x080031d5   Thumb Code     2  heapauxi.o(.text)
    _printf_truncate_signed                  0x080031d7   Thumb Code    18  _printf_truncate.o(.text)
    _printf_truncate_unsigned                0x080031e9   Thumb Code    18  _printf_truncate.o(.text)
    _printf_str                              0x080031fb   Thumb Code    82  _printf_str.o(.text)
    _printf_int_common                       0x0800324d   Thumb Code   178  _printf_intcommon.o(.text)
    _printf_charcount                        0x080032ff   Thumb Code    40  _printf_charcount.o(.text)
    __lib_sel_fp_printf                      0x08003327   Thumb Code     2  _printf_fp_dec.o(.text)
    _printf_fp_dec_real                      0x080034d9   Thumb Code   620  _printf_fp_dec.o(.text)
    _printf_char_common                      0x0800374f   Thumb Code    32  _printf_char_common.o(.text)
    _sputc                                   0x08003775   Thumb Code    10  _sputc.o(.text)
    _snputc                                  0x0800377f   Thumb Code    16  _snputc.o(.text)
    _printf_wctomb                           0x08003791   Thumb Code   182  _printf_wctomb.o(.text)
    _printf_longlong_dec                     0x0800384d   Thumb Code   108  _printf_longlong_dec.o(.text)
    _printf_longlong_oct                     0x080038c9   Thumb Code    66  _printf_oct_int_ll.o(.text)
    _printf_int_oct                          0x0800390b   Thumb Code    24  _printf_oct_int_ll.o(.text)
    _printf_ll_oct                           0x08003923   Thumb Code    12  _printf_oct_int_ll.o(.text)
    _printf_longlong_hex                     0x08003939   Thumb Code    86  _printf_hex_int_ll_ptr.o(.text)
    _printf_int_hex                          0x0800398f   Thumb Code    28  _printf_hex_int_ll_ptr.o(.text)
    _printf_ll_hex                           0x080039ab   Thumb Code    12  _printf_hex_int_ll_ptr.o(.text)
    _printf_hex_ptr                          0x080039b7   Thumb Code    18  _printf_hex_int_ll_ptr.o(.text)
    __rt_locale                              0x080039cd   Thumb Code     8  rt_locale_intlibspace.o(.text)
    _ll_udiv10                               0x080039d5   Thumb Code   138  lludiv10.o(.text)
    _printf_fp_infnan                        0x08003a61   Thumb Code   112  _printf_fp_infnan.o(.text)
    _printf_cs_common                        0x08003ae1   Thumb Code    20  _printf_char.o(.text)
    _printf_char                             0x08003af5   Thumb Code    16  _printf_char.o(.text)
    _printf_string                           0x08003b05   Thumb Code     8  _printf_char.o(.text)
    _printf_lcs_common                       0x08003b0d   Thumb Code    20  _printf_wchar.o(.text)
    _printf_wchar                            0x08003b21   Thumb Code    16  _printf_wchar.o(.text)
    _printf_wstring                          0x08003b31   Thumb Code     8  _printf_wchar.o(.text)
    _btod_etento                             0x08003b39   Thumb Code   224  bigflt0.o(.text)
    _wcrtomb                                 0x08003c1d   Thumb Code    64  _wcrtomb.o(.text)
    __user_libspace                          0x08003c5d   Thumb Code     8  libspace.o(.text)
    __user_perproc_libspace                  0x08003c5d   Thumb Code     0  libspace.o(.text)
    __user_perthread_libspace                0x08003c5d   Thumb Code     0  libspace.o(.text)
    __user_setup_stackheap                   0x08003c65   Thumb Code    74  sys_stackheap_outer.o(.text)
    __rt_ctype_table                         0x08003cb1   Thumb Code    16  rt_ctype_table.o(.text)
    exit                                     0x08003cc1   Thumb Code    18  exit.o(.text)
    strcmp                                   0x08003cd5   Thumb Code   128  strcmpv7m.o(.text)
    _sys_exit                                0x08003d55   Thumb Code     8  sys_exit.o(.text)
    __I$use$semihosting                      0x08003d61   Thumb Code     0  use_no_semi.o(.text)
    __use_no_semihosting_swi                 0x08003d61   Thumb Code     2  use_no_semi.o(.text)
    __semihosting_library_function           0x08003d63   Thumb Code     0  indicate_semi.o(.text)
    _btod_d2e                                0x08003d63   Thumb Code    62  btod.o(CL$$btod_d2e)
    _d2e_denorm_low                          0x08003da1   Thumb Code    70  btod.o(CL$$btod_d2e_denorm_low)
    _d2e_norm_op1                            0x08003de7   Thumb Code    96  btod.o(CL$$btod_d2e_norm_op1)
    __btod_div_common                        0x08003e47   Thumb Code   696  btod.o(CL$$btod_div_common)
    _e2e                                     0x0800417f   Thumb Code   220  btod.o(CL$$btod_e2e)
    _btod_ediv                               0x0800425b   Thumb Code    42  btod.o(CL$$btod_ediv)
    _btod_emul                               0x08004285   Thumb Code    42  btod.o(CL$$btod_emul)
    __btod_mult_common                       0x080042af   Thumb Code   580  btod.o(CL$$btod_mult_common)
    __ARM_fpclassify                         0x080044f3   Thumb Code    40  fpclassify.o(i.__ARM_fpclassify)
    _is_digit                                0x0800451b   Thumb Code    14  __printf_wp.o(i._is_digit)
    _get_lc_numeric                          0x08004529   Thumb Code    44  lc_numeric_c.o(locale$$code)
    _get_lc_ctype                            0x08004555   Thumb Code    44  lc_ctype_c.o(locale$$code)
    __fpl_dretinf                            0x08004581   Thumb Code    12  dretinf.o(x$fpl$dretinf)
    __aeabi_f2d                              0x0800458d   Thumb Code     0  f2d.o(x$fpl$f2d)
    _f2d                                     0x0800458d   Thumb Code    86  f2d.o(x$fpl$f2d)
    __aeabi_fdiv                             0x080045e5   Thumb Code     0  fdiv.o(x$fpl$fdiv)
    _fdiv                                    0x080045e5   Thumb Code   384  fdiv.o(x$fpl$fdiv)
    __aeabi_ui2f                             0x08004769   Thumb Code     0  fflt_clz.o(x$fpl$ffltu)
    _ffltu                                   0x08004769   Thumb Code    38  fflt_clz.o(x$fpl$ffltu)
    __aeabi_fmul                             0x08004791   Thumb Code     0  fmul.o(x$fpl$fmul)
    _fmul                                    0x08004791   Thumb Code   258  fmul.o(x$fpl$fmul)
    __fpl_fnaninf                            0x08004893   Thumb Code   140  fnaninf.o(x$fpl$fnaninf)
    __fpl_fretinf                            0x0800491f   Thumb Code    10  fretinf.o(x$fpl$fretinf)
    _printf_fp_dec                           0x08004929   Thumb Code     4  printf1.o(x$fpl$printf1)
    __I$use$fp                               0x0800492c   Number         0  usenofp.o(x$fpl$usenofp)
    asc2_1206                                0x0800492c   Data        1140  oled.o(.constdata)
    asc2_1608                                0x08004da0   Data        1520  oled.o(.constdata)
    asc2_2412                                0x08005390   Data        3420  oled.o(.constdata)
    Region$$Table$$Base                      0x080061c4   Number         0  anon$$obj.o(Region$$Table)
    Region$$Table$$Limit                     0x080061e4   Number         0  anon$$obj.o(Region$$Table)
    __ctype                                  0x0800620d   Data           0  lc_ctype_c.o(locale$$data)
    humidityH                                0x20000000   Data           1  main.o(.data)
    humidityL                                0x20000001   Data           1  main.o(.data)
    temperatureH                             0x20000002   Data           1  main.o(.data)
    temperatureL                             0x20000003   Data           1  main.o(.data)
    Light                                    0x20000004   Data           4  main.o(.data)
    SystemCoreClock                          0x20000008   Data           4  system_stm32f10x.o(.data)
    AHBPrescTable                            0x2000000c   Data          16  system_stm32f10x.o(.data)
    OLED_GRAM                                0x20000034   Data        1152  oled.o(.bss)
    oledBuf                                  0x200004b4   Data          64  timer.o(.bss)
    __libspace_start                         0x200004f4   Data          96  libspace.o(.bss)
    __temporary_stack_top$libspace           0x20000554   Data           0  libspace.o(.bss)



==============================================================================

Memory Map of the image

  Image Entry point : 0x08000131

  Load Region LR_IROM1 (Base: 0x08000000, Size: 0x00006344, Max: 0x00010000, ABSOLUTE)

    Execution Region ER_IROM1 (Exec base: 0x08000000, Load base: 0x08000000, Size: 0x00006310, Max: 0x00010000, ABSOLUTE)

    Exec Addr    Load Addr    Size         Type   Attr      Idx    E Section Name        Object

    0x08000000   0x08000000   0x00000130   Data   RO          370    RESET               startup_stm32f10x_hd.o
    0x08000130   0x08000130   0x00000008   Code   RO          476  * !!!main             c_w.l(__main.o)
    0x08000138   0x08000138   0x00000034   Code   RO          783    !!!scatter          c_w.l(__scatter.o)
    0x0800016c   0x0800016c   0x0000001a   Code   RO          785    !!handler_copy      c_w.l(__scatter_copy.o)
    0x08000186   0x08000186   0x00000002   PAD
    0x08000188   0x08000188   0x0000001c   Code   RO          787    !!handler_zi        c_w.l(__scatter_zi.o)
    0x080001a4   0x080001a4   0x00000000   Code   RO          473    .ARM.Collect$$_printf_percent$$00000000  c_w.l(_printf_percent.o)
    0x080001a4   0x080001a4   0x00000006   Code   RO          545    .ARM.Collect$$_printf_percent$$00000001  c_w.l(_printf_n.o)
    0x080001aa   0x080001aa   0x00000006   Code   RO          547    .ARM.Collect$$_printf_percent$$00000002  c_w.l(_printf_p.o)
    0x080001b0   0x080001b0   0x00000006   Code   RO          472    .ARM.Collect$$_printf_percent$$00000003  c_w.l(_printf_f.o)
    0x080001b6   0x080001b6   0x00000006   Code   RO          551    .ARM.Collect$$_printf_percent$$00000004  c_w.l(_printf_e.o)
    0x080001bc   0x080001bc   0x00000006   Code   RO          552    .ARM.Collect$$_printf_percent$$00000005  c_w.l(_printf_g.o)
    0x080001c2   0x080001c2   0x00000006   Code   RO          553    .ARM.Collect$$_printf_percent$$00000006  c_w.l(_printf_a.o)
    0x080001c8   0x080001c8   0x0000000a   Code   RO          558    .ARM.Collect$$_printf_percent$$00000007  c_w.l(_printf_ll.o)
    0x080001d2   0x080001d2   0x00000006   Code   RO          549    .ARM.Collect$$_printf_percent$$00000008  c_w.l(_printf_i.o)
    0x080001d8   0x080001d8   0x00000006   Code   RO          471    .ARM.Collect$$_printf_percent$$00000009  c_w.l(_printf_d.o)
    0x080001de   0x080001de   0x00000006   Code   RO          550    .ARM.Collect$$_printf_percent$$0000000A  c_w.l(_printf_u.o)
    0x080001e4   0x080001e4   0x00000006   Code   RO          548    .ARM.Collect$$_printf_percent$$0000000B  c_w.l(_printf_o.o)
    0x080001ea   0x080001ea   0x00000006   Code   RO          546    .ARM.Collect$$_printf_percent$$0000000C  c_w.l(_printf_x.o)
    0x080001f0   0x080001f0   0x00000006   Code   RO          555    .ARM.Collect$$_printf_percent$$0000000D  c_w.l(_printf_lli.o)
    0x080001f6   0x080001f6   0x00000006   Code   RO          556    .ARM.Collect$$_printf_percent$$0000000E  c_w.l(_printf_lld.o)
    0x080001fc   0x080001fc   0x00000006   Code   RO          557    .ARM.Collect$$_printf_percent$$0000000F  c_w.l(_printf_llu.o)
    0x08000202   0x08000202   0x00000006   Code   RO          562    .ARM.Collect$$_printf_percent$$00000010  c_w.l(_printf_llo.o)
    0x08000208   0x08000208   0x00000006   Code   RO          563    .ARM.Collect$$_printf_percent$$00000011  c_w.l(_printf_llx.o)
    0x0800020e   0x0800020e   0x0000000a   Code   RO          559    .ARM.Collect$$_printf_percent$$00000012  c_w.l(_printf_l.o)
    0x08000218   0x08000218   0x00000006   Code   RO          543    .ARM.Collect$$_printf_percent$$00000013  c_w.l(_printf_c.o)
    0x0800021e   0x0800021e   0x00000006   Code   RO          544    .ARM.Collect$$_printf_percent$$00000014  c_w.l(_printf_s.o)
    0x08000224   0x08000224   0x00000006   Code   RO          560    .ARM.Collect$$_printf_percent$$00000015  c_w.l(_printf_lc.o)
    0x0800022a   0x0800022a   0x00000006   Code   RO          561    .ARM.Collect$$_printf_percent$$00000016  c_w.l(_printf_ls.o)
    0x08000230   0x08000230   0x00000004   Code   RO          554    .ARM.Collect$$_printf_percent$$00000017  c_w.l(_printf_percent_end.o)
    0x08000234   0x08000234   0x00000002   Code   RO          651    .ARM.Collect$$libinit$$00000000  c_w.l(libinit.o)
    0x08000236   0x08000236   0x00000000   Code   RO          653    .ARM.Collect$$libinit$$00000002  c_w.l(libinit2.o)
    0x08000236   0x08000236   0x00000000   Code   RO          655    .ARM.Collect$$libinit$$00000004  c_w.l(libinit2.o)
    0x08000236   0x08000236   0x00000000   Code   RO          658    .ARM.Collect$$libinit$$0000000A  c_w.l(libinit2.o)
    0x08000236   0x08000236   0x00000000   Code   RO          660    .ARM.Collect$$libinit$$0000000C  c_w.l(libinit2.o)
    0x08000236   0x08000236   0x00000000   Code   RO          662    .ARM.Collect$$libinit$$0000000E  c_w.l(libinit2.o)
    0x08000236   0x08000236   0x00000006   Code   RO          663    .ARM.Collect$$libinit$$0000000F  c_w.l(libinit2.o)
    0x0800023c   0x0800023c   0x00000000   Code   RO          665    .ARM.Collect$$libinit$$00000011  c_w.l(libinit2.o)
    0x0800023c   0x0800023c   0x0000000c   Code   RO          666    .ARM.Collect$$libinit$$00000012  c_w.l(libinit2.o)
    0x08000248   0x08000248   0x00000000   Code   RO          667    .ARM.Collect$$libinit$$00000013  c_w.l(libinit2.o)
    0x08000248   0x08000248   0x00000000   Code   RO          669    .ARM.Collect$$libinit$$00000015  c_w.l(libinit2.o)
    0x08000248   0x08000248   0x0000000a   Code   RO          670    .ARM.Collect$$libinit$$00000016  c_w.l(libinit2.o)
    0x08000252   0x08000252   0x00000000   Code   RO          671    .ARM.Collect$$libinit$$00000017  c_w.l(libinit2.o)
    0x08000252   0x08000252   0x00000000   Code   RO          673    .ARM.Collect$$libinit$$00000019  c_w.l(libinit2.o)
    0x08000252   0x08000252   0x00000000   Code   RO          675    .ARM.Collect$$libinit$$0000001B  c_w.l(libinit2.o)
    0x08000252   0x08000252   0x00000000   Code   RO          677    .ARM.Collect$$libinit$$0000001D  c_w.l(libinit2.o)
    0x08000252   0x08000252   0x00000000   Code   RO          679    .ARM.Collect$$libinit$$0000001F  c_w.l(libinit2.o)
    0x08000252   0x08000252   0x00000000   Code   RO          681    .ARM.Collect$$libinit$$00000021  c_w.l(libinit2.o)
    0x08000252   0x08000252   0x00000000   Code   RO          683    .ARM.Collect$$libinit$$00000023  c_w.l(libinit2.o)
    0x08000252   0x08000252   0x00000000   Code   RO          685    .ARM.Collect$$libinit$$00000025  c_w.l(libinit2.o)
    0x08000252   0x08000252   0x00000000   Code   RO          689    .ARM.Collect$$libinit$$0000002C  c_w.l(libinit2.o)
    0x08000252   0x08000252   0x00000000   Code   RO          691    .ARM.Collect$$libinit$$0000002E  c_w.l(libinit2.o)
    0x08000252   0x08000252   0x00000000   Code   RO          693    .ARM.Collect$$libinit$$00000030  c_w.l(libinit2.o)
    0x08000252   0x08000252   0x00000000   Code   RO          695    .ARM.Collect$$libinit$$00000032  c_w.l(libinit2.o)
    0x08000252   0x08000252   0x00000002   Code   RO          696    .ARM.Collect$$libinit$$00000033  c_w.l(libinit2.o)
    0x08000254   0x08000254   0x00000002   Code   RO          729    .ARM.Collect$$libshutdown$$00000000  c_w.l(libshutdown.o)
    0x08000256   0x08000256   0x00000000   Code   RO          740    .ARM.Collect$$libshutdown$$00000002  c_w.l(libshutdown2.o)
    0x08000256   0x08000256   0x00000000   Code   RO          742    .ARM.Collect$$libshutdown$$00000004  c_w.l(libshutdown2.o)
    0x08000256   0x08000256   0x00000000   Code   RO          744    .ARM.Collect$$libshutdown$$00000006  c_w.l(libshutdown2.o)
    0x08000256   0x08000256   0x00000000   Code   RO          747    .ARM.Collect$$libshutdown$$00000009  c_w.l(libshutdown2.o)
    0x08000256   0x08000256   0x00000000   Code   RO          750    .ARM.Collect$$libshutdown$$0000000C  c_w.l(libshutdown2.o)
    0x08000256   0x08000256   0x00000000   Code   RO          752    .ARM.Collect$$libshutdown$$0000000E  c_w.l(libshutdown2.o)
    0x08000256   0x08000256   0x00000000   Code   RO          755    .ARM.Collect$$libshutdown$$00000011  c_w.l(libshutdown2.o)
    0x08000256   0x08000256   0x00000002   Code   RO          756    .ARM.Collect$$libshutdown$$00000012  c_w.l(libshutdown2.o)
    0x08000258   0x08000258   0x00000000   Code   RO          494    .ARM.Collect$$rtentry$$00000000  c_w.l(__rtentry.o)
    0x08000258   0x08000258   0x00000000   Code   RO          572    .ARM.Collect$$rtentry$$00000002  c_w.l(__rtentry2.o)
    0x08000258   0x08000258   0x00000006   Code   RO          584    .ARM.Collect$$rtentry$$00000004  c_w.l(__rtentry4.o)
    0x0800025e   0x0800025e   0x00000000   Code   RO          574    .ARM.Collect$$rtentry$$00000009  c_w.l(__rtentry2.o)
    0x0800025e   0x0800025e   0x00000004   Code   RO          575    .ARM.Collect$$rtentry$$0000000A  c_w.l(__rtentry2.o)
    0x08000262   0x08000262   0x00000000   Code   RO          577    .ARM.Collect$$rtentry$$0000000C  c_w.l(__rtentry2.o)
    0x08000262   0x08000262   0x00000008   Code   RO          578    .ARM.Collect$$rtentry$$0000000D  c_w.l(__rtentry2.o)
    0x0800026a   0x0800026a   0x00000002   Code   RO          697    .ARM.Collect$$rtexit$$00000000  c_w.l(rtexit.o)
    0x0800026c   0x0800026c   0x00000000   Code   RO          707    .ARM.Collect$$rtexit$$00000002  c_w.l(rtexit2.o)
    0x0800026c   0x0800026c   0x00000004   Code   RO          708    .ARM.Collect$$rtexit$$00000003  c_w.l(rtexit2.o)
    0x08000270   0x08000270   0x00000006   Code   RO          709    .ARM.Collect$$rtexit$$00000004  c_w.l(rtexit2.o)
    0x08000276   0x08000276   0x00000002   PAD
    0x08000278   0x08000278   0x000000e0   Code   RO            1    .text               main.o
    0x08000358   0x08000358   0x0000001a   Code   RO          136    .text               stm32f10x_it.o
    0x08000372   0x08000372   0x00000002   PAD
    0x08000374   0x08000374   0x000001e0   Code   RO          177    .text               system_stm32f10x.o
    0x08000554   0x08000554   0x00000050   Code   RO          195    .text               led.o
    0x080005a4   0x080005a4   0x00000278   Code   RO          222    .text               bh1750.o
    0x0800081c   0x0800081c   0x000001b8   Code   RO          234    .text               dht11.o
    0x080009d4   0x080009d4   0x00000714   Code   RO          262    .text               oled.o
    0x080010e8   0x080010e8   0x000000d4   Code   RO          285    .text               delay.o
    0x080011bc   0x080011bc   0x000001e8   Code   RO          316    .text               usart.o
    0x080013a4   0x080013a4   0x0000013c   Code   RO          338    .text               timer.o
    0x080014e0   0x080014e0   0x00000040   Code   RO          371    .text               startup_stm32f10x_hd.o
    0x08001520   0x08001520   0x0000035c   Code   RO          375    .text               stm32f10x_gpio.o
    0x0800187c   0x0800187c   0x000003a4   Code   RO          387    .text               stm32f10x_rcc.o
    0x08001c20   0x08001c20   0x00000408   Code   RO          401    .text               stm32f10x_usart.o
    0x08002028   0x08002028   0x000000dc   Code   RO          413    .text               misc.o
    0x08002104   0x08002104   0x00000e1a   Code   RO          425    .text               stm32f10x_tim.o
    0x08002f1e   0x08002f1e   0x00000002   PAD
    0x08002f20   0x08002f20   0x00000034   Code   RO          439    .text               c_w.l(c89vsnprintf.o)
    0x08002f54   0x08002f54   0x0000002c   Code   RO          441    .text               c_w.l(__2sprintf.o)
    0x08002f80   0x08002f80   0x0000004e   Code   RO          447    .text               c_w.l(_printf_pad.o)
    0x08002fce   0x08002fce   0x00000002   PAD
    0x08002fd0   0x08002fd0   0x00000078   Code   RO          449    .text               c_w.l(_printf_dec.o)
    0x08003048   0x08003048   0x00000188   Code   RO          468    .text               c_w.l(__printf_flags_ss_wp.o)
    0x080031d0   0x080031d0   0x00000006   Code   RO          474    .text               c_w.l(heapauxi.o)
    0x080031d6   0x080031d6   0x00000024   Code   RO          495    .text               c_w.l(_printf_truncate.o)
    0x080031fa   0x080031fa   0x00000052   Code   RO          497    .text               c_w.l(_printf_str.o)
    0x0800324c   0x0800324c   0x000000b2   Code   RO          499    .text               c_w.l(_printf_intcommon.o)
    0x080032fe   0x080032fe   0x00000028   Code   RO          501    .text               c_w.l(_printf_charcount.o)
    0x08003326   0x08003326   0x0000041e   Code   RO          503    .text               c_w.l(_printf_fp_dec.o)
    0x08003744   0x08003744   0x00000030   Code   RO          505    .text               c_w.l(_printf_char_common.o)
    0x08003774   0x08003774   0x0000000a   Code   RO          507    .text               c_w.l(_sputc.o)
    0x0800377e   0x0800377e   0x00000010   Code   RO          509    .text               c_w.l(_snputc.o)
    0x0800378e   0x0800378e   0x00000002   PAD
    0x08003790   0x08003790   0x000000bc   Code   RO          511    .text               c_w.l(_printf_wctomb.o)
    0x0800384c   0x0800384c   0x0000007c   Code   RO          514    .text               c_w.l(_printf_longlong_dec.o)
    0x080038c8   0x080038c8   0x00000070   Code   RO          520    .text               c_w.l(_printf_oct_int_ll.o)
    0x08003938   0x08003938   0x00000094   Code   RO          540    .text               c_w.l(_printf_hex_int_ll_ptr.o)
    0x080039cc   0x080039cc   0x00000008   Code   RO          589    .text               c_w.l(rt_locale_intlibspace.o)
    0x080039d4   0x080039d4   0x0000008a   Code   RO          591    .text               c_w.l(lludiv10.o)
    0x08003a5e   0x08003a5e   0x00000002   PAD
    0x08003a60   0x08003a60   0x00000080   Code   RO          593    .text               c_w.l(_printf_fp_infnan.o)
    0x08003ae0   0x08003ae0   0x0000002c   Code   RO          597    .text               c_w.l(_printf_char.o)
    0x08003b0c   0x08003b0c   0x0000002c   Code   RO          599    .text               c_w.l(_printf_wchar.o)
    0x08003b38   0x08003b38   0x000000e4   Code   RO          601    .text               c_w.l(bigflt0.o)
    0x08003c1c   0x08003c1c   0x00000040   Code   RO          626    .text               c_w.l(_wcrtomb.o)
    0x08003c5c   0x08003c5c   0x00000008   Code   RO          635    .text               c_w.l(libspace.o)
    0x08003c64   0x08003c64   0x0000004a   Code   RO          638    .text               c_w.l(sys_stackheap_outer.o)
    0x08003cae   0x08003cae   0x00000002   PAD
    0x08003cb0   0x08003cb0   0x00000010   Code   RO          640    .text               c_w.l(rt_ctype_table.o)
    0x08003cc0   0x08003cc0   0x00000012   Code   RO          642    .text               c_w.l(exit.o)
    0x08003cd2   0x08003cd2   0x00000002   PAD
    0x08003cd4   0x08003cd4   0x00000080   Code   RO          644    .text               c_w.l(strcmpv7m.o)
    0x08003d54   0x08003d54   0x0000000c   Code   RO          719    .text               c_w.l(sys_exit.o)
    0x08003d60   0x08003d60   0x00000002   Code   RO          730    .text               c_w.l(use_no_semi.o)
    0x08003d62   0x08003d62   0x00000000   Code   RO          732    .text               c_w.l(indicate_semi.o)
    0x08003d62   0x08003d62   0x0000003e   Code   RO          604    CL$$btod_d2e        c_w.l(btod.o)
    0x08003da0   0x08003da0   0x00000046   Code   RO          606    CL$$btod_d2e_denorm_low  c_w.l(btod.o)
    0x08003de6   0x08003de6   0x00000060   Code   RO          605    CL$$btod_d2e_norm_op1  c_w.l(btod.o)
    0x08003e46   0x08003e46   0x00000338   Code   RO          614    CL$$btod_div_common  c_w.l(btod.o)
    0x0800417e   0x0800417e   0x000000dc   Code   RO          611    CL$$btod_e2e        c_w.l(btod.o)
    0x0800425a   0x0800425a   0x0000002a   Code   RO          608    CL$$btod_ediv       c_w.l(btod.o)
    0x08004284   0x08004284   0x0000002a   Code   RO          607    CL$$btod_emul       c_w.l(btod.o)
    0x080042ae   0x080042ae   0x00000244   Code   RO          613    CL$$btod_mult_common  c_w.l(btod.o)
    0x080044f2   0x080044f2   0x00000028   Code   RO          633    i.__ARM_fpclassify  m_ws.l(fpclassify.o)
    0x0800451a   0x0800451a   0x0000000e   Code   RO          461    i._is_digit         c_w.l(__printf_wp.o)
    0x08004528   0x08004528   0x0000002c   Code   RO          629    locale$$code        c_w.l(lc_numeric_c.o)
    0x08004554   0x08004554   0x0000002c   Code   RO          700    locale$$code        c_w.l(lc_ctype_c.o)
    0x08004580   0x08004580   0x0000000c   Code   RO          564    x$fpl$dretinf       fz_ws.l(dretinf.o)
    0x0800458c   0x0800458c   0x00000056   Code   RO          478    x$fpl$f2d           fz_ws.l(f2d.o)
    0x080045e2   0x080045e2   0x00000002   PAD
    0x080045e4   0x080045e4   0x00000184   Code   RO          481    x$fpl$fdiv          fz_ws.l(fdiv.o)
    0x08004768   0x08004768   0x00000026   Code   RO          484    x$fpl$ffltu         fz_ws.l(fflt_clz.o)
    0x0800478e   0x0800478e   0x00000002   PAD
    0x08004790   0x08004790   0x00000102   Code   RO          490    x$fpl$fmul          fz_ws.l(fmul.o)
    0x08004892   0x08004892   0x0000008c   Code   RO          566    x$fpl$fnaninf       fz_ws.l(fnaninf.o)
    0x0800491e   0x0800491e   0x0000000a   Code   RO          568    x$fpl$fretinf       fz_ws.l(fretinf.o)
    0x08004928   0x08004928   0x00000004   Code   RO          492    x$fpl$printf1       fz_ws.l(printf1.o)
    0x0800492c   0x0800492c   0x00000000   Code   RO          570    x$fpl$usenofp       fz_ws.l(usenofp.o)
    0x0800492c   0x0800492c   0x000017c0   Data   RO          264    .constdata          oled.o
    0x080060ec   0x080060ec   0x00000011   Data   RO          469    .constdata          c_w.l(__printf_flags_ss_wp.o)
    0x080060fd   0x080060fd   0x00000003   PAD
    0x08006100   0x08006100   0x00000008   Data   RO          512    .constdata          c_w.l(_printf_wctomb.o)
    0x08006108   0x08006108   0x00000028   Data   RO          541    .constdata          c_w.l(_printf_hex_int_ll_ptr.o)
    0x08006130   0x08006130   0x00000094   Data   RO          602    .constdata          c_w.l(bigflt0.o)
    0x080061c4   0x080061c4   0x00000020   Data   RO          781    Region$$Table       anon$$obj.o
    0x080061e4   0x080061e4   0x0000001c   Data   RO          628    locale$$data        c_w.l(lc_numeric_c.o)
    0x08006200   0x08006200   0x00000110   Data   RO          699    locale$$data        c_w.l(lc_ctype_c.o)


    Execution Region RW_IRAM1 (Exec base: 0x20000000, Load base: 0x08006310, Size: 0x00000b58, Max: 0x00005000, ABSOLUTE)

    Exec Addr    Load Addr    Size         Type   Attr      Idx    E Section Name        Object

    0x20000000   0x08006310   0x00000008   Data   RW            2    .data               main.o
    0x20000008   0x08006318   0x00000014   Data   RW          178    .data               system_stm32f10x.o
    0x2000001c   0x0800632c   0x00000004   Data   RW          286    .data               delay.o
    0x20000020   0x08006330   0x00000014   Data   RW          388    .data               stm32f10x_rcc.o
    0x20000034        -       0x00000480   Zero   RW          263    .bss                oled.o
    0x200004b4        -       0x00000040   Zero   RW          339    .bss                timer.o
    0x200004f4        -       0x00000060   Zero   RW          636    .bss                c_w.l(libspace.o)
    0x20000554   0x08006344   0x00000004   PAD
    0x20000558        -       0x00000200   Zero   RW          369    HEAP                startup_stm32f10x_hd.o
    0x20000758        -       0x00000400   Zero   RW          368    STACK               startup_stm32f10x_hd.o


==============================================================================

Image component sizes


      Code (inc. data)   RO Data    RW Data    ZI Data      Debug   Object Name

       632         10          0          0          0       3168   bh1750.o
       212         18          0          4          0        999   delay.o
       440         14          0          0          0       2218   dht11.o
        80         10          0          0          0        471   led.o
       224         76          0          8          0     252077   main.o
       220         22          0          0          0       1757   misc.o
      1812         28       6080          0       1152       7526   oled.o
        64         26        304          0       1536        776   startup_stm32f10x_hd.o
       860         38          0          0          0       5689   stm32f10x_gpio.o
        26          0          0          0          0       1158   stm32f10x_it.o
       932         36          0         20          0       8848   stm32f10x_rcc.o
      3610         88          0          0          0      22800   stm32f10x_tim.o
      1032         22          0          0          0       8416   stm32f10x_usart.o
         0          0          0          0          0         32   sys.o
       480         38          0         20          0       1671   system_stm32f10x.o
       316         86          0          0         64       1596   timer.o
       488         14          0          0          0       2889   usart.o

    ----------------------------------------------------------------------
     11432        526       6416         52       2752     322091   Object Totals
         0          0         32          0          0          0   (incl. Generated)
         4          0          0          0          0          0   (incl. Padding)

    ----------------------------------------------------------------------

      Code (inc. data)   RO Data    RW Data    ZI Data      Debug   Library Member Name

        44          6          0          0          0         84   __2sprintf.o
         8          0          0          0          0         68   __main.o
       392          4         17          0          0         92   __printf_flags_ss_wp.o
        14          0          0          0          0         68   __printf_wp.o
         0          0          0          0          0          0   __rtentry.o
        12          0          0          0          0          0   __rtentry2.o
         6          0          0          0          0          0   __rtentry4.o
        52          8          0          0          0          0   __scatter.o
        26          0          0          0          0          0   __scatter_copy.o
        28          0          0          0          0          0   __scatter_zi.o
         6          0          0          0          0          0   _printf_a.o
         6          0          0          0          0          0   _printf_c.o
        44          0          0          0          0        108   _printf_char.o
        48          6          0          0          0         96   _printf_char_common.o
        40          0          0          0          0         68   _printf_charcount.o
         6          0          0          0          0          0   _printf_d.o
       120         16          0          0          0         92   _printf_dec.o
         6          0          0          0          0          0   _printf_e.o
         6          0          0          0          0          0   _printf_f.o
      1054          0          0          0          0        216   _printf_fp_dec.o
       128         16          0          0          0         84   _printf_fp_infnan.o
         6          0          0          0          0          0   _printf_g.o
       148          4         40          0          0        160   _printf_hex_int_ll_ptr.o
         6          0          0          0          0          0   _printf_i.o
       178          0          0          0          0         88   _printf_intcommon.o
        10          0          0          0          0          0   _printf_l.o
         6          0          0          0          0          0   _printf_lc.o
        10          0          0          0          0          0   _printf_ll.o
         6          0          0          0          0          0   _printf_lld.o
         6          0          0          0          0          0   _printf_lli.o
         6          0          0          0          0          0   _printf_llo.o
         6          0          0          0          0          0   _printf_llu.o
         6          0          0          0          0          0   _printf_llx.o
       124         16          0          0          0         92   _printf_longlong_dec.o
         6          0          0          0          0          0   _printf_ls.o
         6          0          0          0          0          0   _printf_n.o
         6          0          0          0          0          0   _printf_o.o
       112         10          0          0          0        124   _printf_oct_int_ll.o
         6          0          0          0          0          0   _printf_p.o
        78          0          0          0          0        108   _printf_pad.o
         0          0          0          0          0          0   _printf_percent.o
         4          0          0          0          0          0   _printf_percent_end.o
         6          0          0          0          0          0   _printf_s.o
        82          0          0          0          0         80   _printf_str.o
        36          0          0          0          0         84   _printf_truncate.o
         6          0          0          0          0          0   _printf_u.o
        44          0          0          0          0        108   _printf_wchar.o
       188          6          8          0          0         92   _printf_wctomb.o
         6          0          0          0          0          0   _printf_x.o
        16          0          0          0          0         68   _snputc.o
        10          0          0          0          0         68   _sputc.o
        64          0          0          0          0         92   _wcrtomb.o
       228          4        148          0          0         96   bigflt0.o
      1936        128          0          0          0        672   btod.o
        52          4          0          0          0         80   c89vsnprintf.o
        18          0          0          0          0         80   exit.o
         6          0          0          0          0        152   heapauxi.o
         0          0          0          0          0          0   indicate_semi.o
        44         10        272          0          0         76   lc_ctype_c.o
        44         10         28          0          0         76   lc_numeric_c.o
         2          0          0          0          0          0   libinit.o
        30          0          0          0          0          0   libinit2.o
         2          0          0          0          0          0   libshutdown.o
         2          0          0          0          0          0   libshutdown2.o
         8          4          0          0         96         68   libspace.o
       138          0          0          0          0         80   lludiv10.o
        16          4          0          0          0         76   rt_ctype_table.o
         8          4          0          0          0         68   rt_locale_intlibspace.o
         2          0          0          0          0          0   rtexit.o
        10          0          0          0          0          0   rtexit2.o
       128          0          0          0          0         68   strcmpv7m.o
        12          4          0          0          0         68   sys_exit.o
        74          0          0          0          0         80   sys_stackheap_outer.o
         2          0          0          0          0         68   use_no_semi.o
        12          0          0          0          0         68   dretinf.o
        86          4          0          0          0         84   f2d.o
       388         76          0          0          0         96   fdiv.o
        38          0          0          0          0         68   fflt_clz.o
       258          4          0          0          0         84   fmul.o
       140          4          0          0          0         84   fnaninf.o
        10          0          0          0          0         68   fretinf.o
         4          0          0          0          0         68   printf1.o
         0          0          0          0          0          0   usenofp.o
        40          0          0          0          0         68   fpclassify.o

    ----------------------------------------------------------------------
      6996        352        516          0        100       4636   Library Totals
        18          0          3          0          4          0   (incl. Padding)

    ----------------------------------------------------------------------

      Code (inc. data)   RO Data    RW Data    ZI Data      Debug   Library Name

      6002        264        513          0         96       3948   c_w.l
       936         88          0          0          0        620   fz_ws.l
        40          0          0          0          0         68   m_ws.l

    ----------------------------------------------------------------------
      6996        352        516          0        100       4636   Library Totals

    ----------------------------------------------------------------------

==============================================================================


      Code (inc. data)   RO Data    RW Data    ZI Data      Debug   

     18428        878       6932         52       2852     323083   Grand Totals
     18428        878       6932         52       2852     323083   ELF Image Totals
     18428        878       6932         52          0          0   ROM Totals

==============================================================================

    Total RO  Size (Code + RO Data)                25360 (  24.77kB)
    Total RW  Size (RW Data + ZI Data)              2904 (   2.84kB)
    Total ROM Size (Code + RO Data + RW Data)      25412 (  24.82kB)

==============================================================================

